Archive member included to satisfy reference by file (symbol)

c:/progra~2/gnuarm~1/102021~1.10/bin/../lib/gcc/arm-none-eabi/10.3.1/thumb/v7e-m+fp/hard\libgcc.a(_aeabi_uldivmod.o)
                              project/main/CMakeFiles/stm32_lvgl_learning.dir/__/__/resources/hal/STM32F4xx_HAL_Driver/Src/stm32f4xx_hal_rcc.c.obj (__aeabi_uldivmod)
c:/progra~2/gnuarm~1/102021~1.10/bin/../lib/gcc/arm-none-eabi/10.3.1/thumb/v7e-m+fp/hard\libgcc.a(_udivmoddi4.o)
                              c:/progra~2/gnuarm~1/102021~1.10/bin/../lib/gcc/arm-none-eabi/10.3.1/thumb/v7e-m+fp/hard\libgcc.a(_aeabi_uldivmod.o) (__udivmoddi4)
c:/progra~2/gnuarm~1/102021~1.10/bin/../lib/gcc/arm-none-eabi/10.3.1/thumb/v7e-m+fp/hard\libgcc.a(_dvmd_tls.o)
                              c:/progra~2/gnuarm~1/102021~1.10/bin/../lib/gcc/arm-none-eabi/10.3.1/thumb/v7e-m+fp/hard\libgcc.a(_aeabi_uldivmod.o) (__aeabi_ldiv0)
c:/progra~2/gnuarm~1/102021~1.10/bin/../lib/gcc/arm-none-eabi/10.3.1/../../../../arm-none-eabi/lib/thumb/v7e-m+fp/hard\libg_nano.a(lib_a-memset.o)
                              project/main/CMakeFiles/stm32_lvgl_learning.dir/Core/Src/main.c.obj (memset)
c:/progra~2/gnuarm~1/102021~1.10/bin/../lib/gcc/arm-none-eabi/10.3.1/../../../../arm-none-eabi/lib/thumb/v7e-m+fp/hard\libg_nano.a(lib_a-strlen.o)
                              project/main/CMakeFiles/stm32_lvgl_learning.dir/Drivers/Src/board_uart.c.obj (strlen)

Discarded input sections

 .group         0x00000000        0xc project/main/CMakeFiles/stm32_lvgl_learning.dir/Core/Src/main.c.obj
 .group         0x00000000        0xc project/main/CMakeFiles/stm32_lvgl_learning.dir/Core/Src/main.c.obj
 .group         0x00000000        0xc project/main/CMakeFiles/stm32_lvgl_learning.dir/Core/Src/main.c.obj
 .group         0x00000000        0xc project/main/CMakeFiles/stm32_lvgl_learning.dir/Core/Src/main.c.obj
 .group         0x00000000        0xc project/main/CMakeFiles/stm32_lvgl_learning.dir/Core/Src/main.c.obj
 .group         0x00000000        0xc project/main/CMakeFiles/stm32_lvgl_learning.dir/Core/Src/main.c.obj
 .group         0x00000000        0xc project/main/CMakeFiles/stm32_lvgl_learning.dir/Core/Src/main.c.obj
 .group         0x00000000        0xc project/main/CMakeFiles/stm32_lvgl_learning.dir/Core/Src/main.c.obj
 .group         0x00000000        0xc project/main/CMakeFiles/stm32_lvgl_learning.dir/Core/Src/main.c.obj
 .group         0x00000000        0xc project/main/CMakeFiles/stm32_lvgl_learning.dir/Core/Src/main.c.obj
 .group         0x00000000        0xc project/main/CMakeFiles/stm32_lvgl_learning.dir/Core/Src/main.c.obj
 .group         0x00000000        0xc project/main/CMakeFiles/stm32_lvgl_learning.dir/Core/Src/main.c.obj
 .group         0x00000000        0xc project/main/CMakeFiles/stm32_lvgl_learning.dir/Core/Src/main.c.obj
 .group         0x00000000        0xc project/main/CMakeFiles/stm32_lvgl_learning.dir/Core/Src/main.c.obj
 .group         0x00000000        0xc project/main/CMakeFiles/stm32_lvgl_learning.dir/Core/Src/main.c.obj
 .group         0x00000000        0xc project/main/CMakeFiles/stm32_lvgl_learning.dir/Core/Src/main.c.obj
 .group         0x00000000        0xc project/main/CMakeFiles/stm32_lvgl_learning.dir/Core/Src/main.c.obj
 .group         0x00000000        0xc project/main/CMakeFiles/stm32_lvgl_learning.dir/Core/Src/main.c.obj
 .group         0x00000000        0xc project/main/CMakeFiles/stm32_lvgl_learning.dir/Core/Src/main.c.obj
 .group         0x00000000        0xc project/main/CMakeFiles/stm32_lvgl_learning.dir/Core/Src/main.c.obj
 .group         0x00000000        0xc project/main/CMakeFiles/stm32_lvgl_learning.dir/Core/Src/main.c.obj
 .group         0x00000000        0xc project/main/CMakeFiles/stm32_lvgl_learning.dir/Core/Src/main.c.obj
 .group         0x00000000        0xc project/main/CMakeFiles/stm32_lvgl_learning.dir/Core/Src/main.c.obj
 .group         0x00000000        0xc project/main/CMakeFiles/stm32_lvgl_learning.dir/Core/Src/main.c.obj
 .group         0x00000000        0xc project/main/CMakeFiles/stm32_lvgl_learning.dir/Core/Src/main.c.obj
 .group         0x00000000        0xc project/main/CMakeFiles/stm32_lvgl_learning.dir/Core/Src/main.c.obj
 .group         0x00000000        0xc project/main/CMakeFiles/stm32_lvgl_learning.dir/Core/Src/main.c.obj
 .group         0x00000000        0xc project/main/CMakeFiles/stm32_lvgl_learning.dir/Core/Src/main.c.obj
 .group         0x00000000        0xc project/main/CMakeFiles/stm32_lvgl_learning.dir/Core/Src/main.c.obj
 .group         0x00000000        0xc project/main/CMakeFiles/stm32_lvgl_learning.dir/Core/Src/main.c.obj
 .group         0x00000000        0xc project/main/CMakeFiles/stm32_lvgl_learning.dir/Core/Src/main.c.obj
 .group         0x00000000        0xc project/main/CMakeFiles/stm32_lvgl_learning.dir/Core/Src/main.c.obj
 .text          0x00000000        0x0 project/main/CMakeFiles/stm32_lvgl_learning.dir/Core/Src/main.c.obj
[...]
Memory Configuration

Name             Origin             Length             Attributes
FLASH            0x08000000         0x00100000         xr
RAM              0x20000000         0x00020000         xrw
*default*        0x00000000         0xffffffff

Linker script and memory map

LOAD project/main/CMakeFiles/stm32_lvgl_learning.dir/Core/Src/main.c.obj
LOAD project/main/CMakeFiles/stm32_lvgl_learning.dir/Core/Src/stm32f4xx_it.c.obj
LOAD project/main/CMakeFiles/stm32_lvgl_learning.dir/Core/Src/stm32f4xx_hal_msp.c.obj
LOAD project/main/CMakeFiles/stm32_lvgl_learning.dir/Drivers/Src/board_uart.c.obj
LOAD project/main/CMakeFiles/stm32_lvgl_learning.dir/App/Src/app_stage.c.obj
LOAD project/main/CMakeFiles/stm32_lvgl_learning.dir/__/__/resources/hal/STM32F4xx_HAL_Driver/Src/stm32f4xx_hal.c.obj
LOAD project/main/CMakeFiles/stm32_lvgl_learning.dir/__/__/resources/hal/STM32F4xx_HAL_Driver/Src/stm32f4xx_hal_cortex.c.obj
LOAD project/main/CMakeFiles/stm32_lvgl_learning.dir/__/__/resources/hal/STM32F4xx_HAL_Driver/Src/stm32f4xx_hal_dma.c.obj
LOAD project/main/CMakeFiles/stm32_lvgl_learning.dir/__/__/resources/hal/STM32F4xx_HAL_Driver/Src/stm32f4xx_hal_dma_ex.c.obj
LOAD project/main/CMakeFiles/stm32_lvgl_learning.dir/__/__/resources/hal/STM32F4xx_HAL_Driver/Src/stm32f4xx_hal_flash.c.obj
LOAD project/main/CMakeFiles/stm32_lvgl_learning.dir/__/__/resources/hal/STM32F4xx_HAL_Driver/Src/stm32f4xx_hal_flash_ex.c.obj
LOAD project/main/CMakeFiles/stm32_lvgl_learning.dir/__/__/resources/hal/STM32F4xx_HAL_Driver/Src/stm32f4xx_hal_flash_ramfunc.c.obj
LOAD project/main/CMakeFiles/stm32_lvgl_learning.dir/__/__/resources/hal/STM32F4xx_HAL_Driver/Src/stm32f4xx_hal_gpio.c.obj
LOAD project/main/CMakeFiles/stm32_lvgl_learning.dir/__/__/resources/hal/STM32F4xx_HAL_Driver/Src/stm32f4xx_hal_pwr.c.obj
LOAD project/main/CMakeFiles/stm32_lvgl_learning.dir/__/__/resources/hal/STM32F4xx_HAL_Driver/Src/stm32f4xx_hal_pwr_ex.c.obj
LOAD project/main/CMakeFiles/stm32_lvgl_learning.dir/__/__/resources/hal/STM32F4xx_HAL_Driver/Src/stm32f4xx_hal_rcc.c.obj
LOAD project/main/CMakeFiles/stm32_lvgl_learning.dir/__/__/resources/hal/STM32F4xx_HAL_Driver/Src/stm32f4xx_hal_rcc_ex.c.obj
LOAD project/main/CMakeFiles/stm32_lvgl_learning.dir/__/__/resources/hal/STM32F4xx_HAL_Driver/Src/stm32f4xx_hal_uart.c.obj
LOAD project/main/CMakeFiles/stm32_lvgl_learning.dir/__/__/resources/hal/Src/system_stm32f4xx.c.obj
LOAD project/main/CMakeFiles/stm32_lvgl_learning.dir/__/__/resources/hal/startup_stm32f407xx.s.obj
START GROUP
LOAD c:/progra~2/gnuarm~1/102021~1.10/bin/../lib/gcc/arm-none-eabi/10.3.1/thumb/v7e-m+fp/hard\libgcc.a
LOAD c:/progra~2/gnuarm~1/102021~1.10/bin/../lib/gcc/arm-none-eabi/10.3.1/../../../../arm-none-eabi/lib/thumb/v7e-m+fp/hard\libg_nano.a
LOAD c:/progra~2/gnuarm~1/102021~1.10/bin/../lib/gcc/arm-none-eabi/10.3.1/../../../../arm-none-eabi/lib/thumb/v7e-m+fp/hard\libc_nano.a
END GROUP
START GROUP
LOAD c:/progra~2/gnuarm~1/102021~1.10/bin/../lib/gcc/arm-none-eabi/10.3.1/thumb/v7e-m+fp/hard\libgcc.a
LOAD c:/progra~2/gnuarm~1/102021~1.10/bin/../lib/gcc/arm-none-eabi/10.3.1/../../../../arm-none-eabi/lib/thumb/v7e-m+fp/hard\libc_nano.a
LOAD c:/progra~2/gnuarm~1/102021~1.10/bin/../lib/gcc/arm-none-eabi/10.3.1/../../../../arm-none-eabi/lib/thumb/v7e-m+fp/hard\libnosys.a
END GROUP
START GROUP
LOAD c:/progra~2/gnuarm~1/102021~1.10/bin/../lib/gcc/arm-none-eabi/10.3.1/thumb/v7e-m+fp/hard\libgcc.a
LOAD c:/progra~2/gnuarm~1/102021~1.10/bin/../lib/gcc/arm-none-eabi/10.3.1/../../../../arm-none-eabi/lib/thumb/v7e-m+fp/hard\libc_nano.a
LOAD c:/progra~2/gnuarm~1/102021~1.10/bin/../lib/gcc/arm-none-eabi/10.3.1/../../../../arm-none-eabi/lib/thumb/v7e-m+fp/hard\libnosys.a
END GROUP
                0x20020000                _estack = (ORIGIN (RAM) + LENGTH (RAM))
                0x00000200                _Min_Heap_Size = 0x200
                0x00000400                _Min_Stack_Size = 0x400

.isr_vector     0x08000000      0x188
                0x08000000                . = ALIGN (0x4)
 *(.isr_vector)
 .isr_vector    0x08000000      0x188 project/main/CMakeFiles/stm32_lvgl_learning.dir/__/__/resources/hal/startup_stm32f407xx.s.obj
                0x08000000                g_pfnVectors
                0x08000188                . = ALIGN (0x4)

.text           0x08000188     0x1eb8
                0x08000188                . = ALIGN (0x4)
 *(.text)
 .text          0x08000188       0x30 c:/progra~2/gnuarm~1/102021~1.10/bin/../lib/gcc/arm-none-eabi/10.3.1/thumb/v7e-m+fp/hard\libgcc.a(_aeabi_uldivmod.o)
                0x08000188                __aeabi_uldivmod
 .text          0x080001b8      0x2d0 c:/progra~2/gnuarm~1/102021~1.10/bin/../lib/gcc/arm-none-eabi/10.3.1/thumb/v7e-m+fp/hard\libgcc.a(_udivmoddi4.o)
                0x080001b8                __udivmoddi4
 .text          0x08000488        0x4 c:/progra~2/gnuarm~1/102021~1.10/bin/../lib/gcc/arm-none-eabi/10.3.1/thumb/v7e-m+fp/hard\libgcc.a(_dvmd_tls.o)
                0x08000488                __aeabi_idiv0
                0x08000488                __aeabi_ldiv0
 .text          0x0800048c       0x10 c:/progra~2/gnuarm~1/102021~1.10/bin/../lib/gcc/arm-none-eabi/10.3.1/../../../../arm-none-eabi/lib/thumb/v7e-m+fp/hard\libg_nano.a(lib_a-strlen.o)
                0x0800048c                strlen
 *(.text*)
 .text.main     0x0800049c       0x1a project/main/CMakeFiles/stm32_lvgl_learning.dir/Core/Src/main.c.obj
                0x0800049c                main
 *fill*         0x080004b6        0x2 
 .text.SystemClock_Config
                0x080004b8       0xd4 project/main/CMakeFiles/stm32_lvgl_learning.dir/Core/Src/main.c.obj
 .text.MX_GPIO_Init
                0x0800058c       0x68 project/main/CMakeFiles/stm32_lvgl_learning.dir/Core/Src/main.c.obj
 .text.Error_Handler
                0x080005f4       0x34 project/main/CMakeFiles/stm32_lvgl_learning.dir/Core/Src/main.c.obj
                0x080005f4                Error_Handler
 .text.NMI_Handler
                0x08000628        0x6 project/main/CMakeFiles/stm32_lvgl_learning.dir/Core/Src/stm32f4xx_it.c.obj
                0x08000628                NMI_Handler
 .text.HardFault_Handler
                0x0800062e        0x6 project/main/CMakeFiles/stm32_lvgl_learning.dir/Core/Src/stm32f4xx_it.c.obj
                0x0800062e                HardFault_Handler
 .text.MemManage_Handler
                0x08000634        0x6 project/main/CMakeFiles/stm32_lvgl_learning.dir/Core/Src/stm32f4xx_it.c.obj
                0x08000634                MemManage_Handler
 .text.BusFault_Handler
                0x0800063a        0x6 project/main/CMakeFiles/stm32_lvgl_learning.dir/Core/Src/stm32f4xx_it.c.obj
                0x0800063a                BusFault_Handler
 .text.UsageFault_Handler
                0x08000640        0x6 project/main/CMakeFiles/stm32_lvgl_learning.dir/Core/Src/stm32f4xx_it.c.obj
                0x08000640                UsageFault_Handler
 .text.SVC_Handler
                0x08000646        0xe project/main/CMakeFiles/stm32_lvgl_learning.dir/Core/Src/stm32f4xx_it.c.obj
                0x08000646                SVC_Handler
 .text.DebugMon_Handler
                0x08000654        0xe project/main/CMakeFiles/stm32_lvgl_learning.dir/Core/Src/stm32f4xx_it.c.obj
                0x08000654                DebugMon_Handler
 .text.PendSV_Handler
                0x08000662        0xe project/main/CMakeFiles/stm32_lvgl_learning.dir/Core/Src/stm32f4xx_it.c.obj
                0x08000662                PendSV_Handler
 .text.SysTick_Handler
                0x08000670       0x10 project/main/CMakeFiles/stm32_lvgl_learning.dir/Core/Src/stm32f4xx_it.c.obj
                0x08000670                SysTick_Handler
 .text.HAL_MspInit
                0x08000680       0x50 project/main/CMakeFiles/stm32_lvgl_learning.dir/Core/Src/stm32f4xx_hal_msp.c.obj
                0x08000680                HAL_MspInit
 .text.board_uart_init
                0x080006d0       0x64 project/main/CMakeFiles/stm32_lvgl_learning.dir/Drivers/Src/board_uart.c.obj
                0x080006d0                board_uart_init
 .text.board_uart_write
                0x08000734       0x50 project/main/CMakeFiles/stm32_lvgl_learning.dir/Drivers/Src/board_uart.c.obj
                0x08000734                board_uart_write
 .text.HAL_UART_MspInit
                0x08000784       0x94 project/main/CMakeFiles/stm32_lvgl_learning.dir/Drivers/Src/board_uart.c.obj
                0x08000784                HAL_UART_MspInit
 .text.stage_send_banner
                0x08000818       0x14 project/main/CMakeFiles/stm32_lvgl_learning.dir/App/Src/app_stage.c.obj
 .text.app_stage_init
                0x0800082c       0x28 project/main/CMakeFiles/stm32_lvgl_learning.dir/App/Src/app_stage.c.obj
                0x0800082c                app_stage_init
 .text.app_stage_loop
                0x08000854       0x44 project/main/CMakeFiles/stm32_lvgl_learning.dir/App/Src/app_stage.c.obj
                0x08000854                app_stage_loop
 .text.HAL_Init
                0x08000898       0x44 project/main/CMakeFiles/stm32_lvgl_learning.dir/__/__/resources/hal/STM32F4xx_HAL_Driver/Src/stm32f4xx_hal.c.obj
                0x08000898                HAL_Init
 .text.HAL_InitTick
                0x080008dc       0x60 project/main/CMakeFiles/stm32_lvgl_learning.dir/__/__/resources/hal/STM32F4xx_HAL_Driver/Src/stm32f4xx_hal.c.obj
                0x080008dc                HAL_InitTick
 .text.HAL_IncTick
                0x0800093c       0x28 project/main/CMakeFiles/stm32_lvgl_learning.dir/__/__/resources/hal/STM32F4xx_HAL_Driver/Src/stm32f4xx_hal.c.obj
                0x0800093c                HAL_IncTick
 .text.HAL_GetTick
                0x08000964       0x18 project/main/CMakeFiles/stm32_lvgl_learning.dir/__/__/resources/hal/STM32F4xx_HAL_Driver/Src/stm32f4xx_hal.c.obj
                0x08000964                HAL_GetTick
 .text.__NVIC_SetPriorityGrouping
                0x0800097c       0x48 project/main/CMakeFiles/stm32_lvgl_learning.dir/__/__/resources/hal/STM32F4xx_HAL_Driver/Src/stm32f4xx_hal_cortex.c.obj
 .text.__NVIC_GetPriorityGrouping
                0x080009c4       0x1c project/main/CMakeFiles/stm32_lvgl_learning.dir/__/__/resources/hal/STM32F4xx_HAL_Driver/Src/stm32f4xx_hal_cortex.c.obj
 .text.__NVIC_SetPriority
                0x080009e0       0x54 project/main/CMakeFiles/stm32_lvgl_learning.dir/__/__/resources/hal/STM32F4xx_HAL_Driver/Src/stm32f4xx_hal_cortex.c.obj
 .text.NVIC_EncodePriority
                0x08000a34       0x66 project/main/CMakeFiles/stm32_lvgl_learning.dir/__/__/resources/hal/STM32F4xx_HAL_Driver/Src/stm32f4xx_hal_cortex.c.obj
 *fill*         0x08000a9a        0x2 
 .text.SysTick_Config
                0x08000a9c       0x44 project/main/CMakeFiles/stm32_lvgl_learning.dir/__/__/resources/hal/STM32F4xx_HAL_Driver/Src/stm32f4xx_hal_cortex.c.obj
 .text.HAL_NVIC_SetPriorityGrouping
                0x08000ae0       0x16 project/main/CMakeFiles/stm32_lvgl_learning.dir/__/__/resources/hal/STM32F4xx_HAL_Driver/Src/stm32f4xx_hal_cortex.c.obj
                0x08000ae0                HAL_NVIC_SetPriorityGrouping
 .text.HAL_NVIC_SetPriority
                0x08000af6       0x38 project/main/CMakeFiles/stm32_lvgl_learning.dir/__/__/resources/hal/STM32F4xx_HAL_Driver/Src/stm32f4xx_hal_cortex.c.obj
                0x08000af6                HAL_NVIC_SetPriority
 .text.HAL_SYSTICK_Config
                0x08000b2e       0x18 project/main/CMakeFiles/stm32_lvgl_learning.dir/__/__/resources/hal/STM32F4xx_HAL_Driver/Src/stm32f4xx_hal_cortex.c.obj
                0x08000b2e                HAL_SYSTICK_Config
 .text.HAL_SYSTICK_IRQHandler
                0x08000b46        0xc project/main/CMakeFiles/stm32_lvgl_learning.dir/__/__/resources/hal/STM32F4xx_HAL_Driver/Src/stm32f4xx_hal_cortex.c.obj
                0x08000b46                HAL_SYSTICK_IRQHandler
 .text.HAL_SYSTICK_Callback
                0x08000b52        0xe project/main/CMakeFiles/stm32_lvgl_learning.dir/__/__/resources/hal/STM32F4xx_HAL_Driver/Src/stm32f4xx_hal_cortex.c.obj
                0x08000b52                HAL_SYSTICK_Callback
 .text.HAL_GPIO_Init
                0x08000b60      0x338 project/main/CMakeFiles/stm32_lvgl_learning.dir/__/__/resources/hal/STM32F4xx_HAL_Driver/Src/stm32f4xx_hal_gpio.c.obj
                0x08000b60                HAL_GPIO_Init
 .text.HAL_GPIO_WritePin
                0x08000e98       0x32 project/main/CMakeFiles/stm32_lvgl_learning.dir/__/__/resources/hal/STM32F4xx_HAL_Driver/Src/stm32f4xx_hal_gpio.c.obj
                0x08000e98                HAL_GPIO_WritePin
 .text.HAL_GPIO_TogglePin
                0x08000eca       0x34 project/main/CMakeFiles/stm32_lvgl_learning.dir/__/__/resources/hal/STM32F4xx_HAL_Driver/Src/stm32f4xx_hal_gpio.c.obj
                0x08000eca                HAL_GPIO_TogglePin
 *fill*         0x08000efe        0x2 
 .text.HAL_RCC_OscConfig
                0x08000f00      0x4f8 project/main/CMakeFiles/stm32_lvgl_learning.dir/__/__/resources/hal/STM32F4xx_HAL_Driver/Src/stm32f4xx_hal_rcc.c.obj
                0x08000f00                HAL_RCC_OscConfig
 .text.HAL_RCC_ClockConfig
                0x080013f8      0x1cc project/main/CMakeFiles/stm32_lvgl_learning.dir/__/__/resources/hal/STM32F4xx_HAL_Driver/Src/stm32f4xx_hal_rcc.c.obj
                0x080013f8                HAL_RCC_ClockConfig
 .text.HAL_RCC_GetSysClockFreq
                0x080015c4      0x20c project/main/CMakeFiles/stm32_lvgl_learning.dir/__/__/resources/hal/STM32F4xx_HAL_Driver/Src/stm32f4xx_hal_rcc.c.obj
                0x080015c4                HAL_RCC_GetSysClockFreq
 .text.HAL_RCC_GetHCLKFreq
                0x080017d0       0x18 project/main/CMakeFiles/stm32_lvgl_learning.dir/__/__/resources/hal/STM32F4xx_HAL_Driver/Src/stm32f4xx_hal_rcc.c.obj
                0x080017d0                HAL_RCC_GetHCLKFreq
 .text.HAL_RCC_GetPCLK1Freq
                0x080017e8       0x28 project/main/CMakeFiles/stm32_lvgl_learning.dir/__/__/resources/hal/STM32F4xx_HAL_Driver/Src/stm32f4xx_hal_rcc.c.obj
                0x080017e8                HAL_RCC_GetPCLK1Freq
 .text.HAL_RCC_GetPCLK2Freq
                0x08001810       0x28 project/main/CMakeFiles/stm32_lvgl_learning.dir/__/__/resources/hal/STM32F4xx_HAL_Driver/Src/stm32f4xx_hal_rcc.c.obj
                0x08001810                HAL_RCC_GetPCLK2Freq
 .text.HAL_UART_Init
                0x08001838       0x9a project/main/CMakeFiles/stm32_lvgl_learning.dir/__/__/resources/hal/STM32F4xx_HAL_Driver/Src/stm32f4xx_hal_uart.c.obj
                0x08001838                HAL_UART_Init
 .text.HAL_UART_Transmit
                0x080018d2      0x124 project/main/CMakeFiles/stm32_lvgl_learning.dir/__/__/resources/hal/STM32F4xx_HAL_Driver/Src/stm32f4xx_hal_uart.c.obj
                0x080018d2                HAL_UART_Transmit
 .text.UART_WaitOnFlagUntilTimeout
                0x080019f6       0xdc project/main/CMakeFiles/stm32_lvgl_learning.dir/__/__/resources/hal/STM32F4xx_HAL_Driver/Src/stm32f4xx_hal_uart.c.obj
 *fill*         0x08001ad2        0x2 
 .text.UART_SetConfig
                0x08001ad4      0x4e8 project/main/CMakeFiles/stm32_lvgl_learning.dir/__/__/resources/hal/STM32F4xx_HAL_Driver/Src/stm32f4xx_hal_uart.c.obj
 .text.SystemInit
                0x08001fbc       0x24 project/main/CMakeFiles/stm32_lvgl_learning.dir/__/__/resources/hal/Src/system_stm32f4xx.c.obj
                0x08001fbc                SystemInit
 .text.Reset_Handler
                0x08001fe0       0x4c project/main/CMakeFiles/stm32_lvgl_learning.dir/__/__/resources/hal/startup_stm32f407xx.s.obj
                0x08001fe0                Reset_Handler
 .text.Default_Handler
                0x0800202c        0x2 project/main/CMakeFiles/stm32_lvgl_learning.dir/__/__/resources/hal/startup_stm32f407xx.s.obj
                0x0800202c                RTC_Alarm_IRQHandler
                0x0800202c                HASH_RNG_IRQHandler
                0x0800202c                EXTI2_IRQHandler
                0x0800202c                TIM8_CC_IRQHandler
                0x0800202c                TIM1_CC_IRQHandler
                0x0800202c                DMA2_Stream5_IRQHandler
                0x0800202c                DMA1_Stream5_IRQHandler
                0x0800202c                PVD_IRQHandler
                0x0800202c                SDIO_IRQHandler
                0x0800202c                TAMP_STAMP_IRQHandler
                0x0800202c                CAN2_RX1_IRQHandler
                0x0800202c                EXTI3_IRQHandler
                0x0800202c                TIM8_TRG_COM_TIM14_IRQHandler
                0x0800202c                TIM1_UP_TIM10_IRQHandler
                0x0800202c                TIM8_UP_TIM13_IRQHandler
                0x0800202c                I2C3_ER_IRQHandler
                0x0800202c                EXTI0_IRQHandler
                0x0800202c                I2C2_EV_IRQHandler
                0x0800202c                DMA1_Stream2_IRQHandler
                0x0800202c                CAN1_RX0_IRQHandler
                0x0800202c                FPU_IRQHandler
                0x0800202c                OTG_HS_WKUP_IRQHandler
                0x0800202c                CAN2_SCE_IRQHandler
                0x0800202c                DMA2_Stream2_IRQHandler
                0x0800202c                SPI1_IRQHandler
                0x0800202c                TIM6_DAC_IRQHandler
                0x0800202c                TIM1_BRK_TIM9_IRQHandler
                0x0800202c                DCMI_IRQHandler
                0x0800202c                CAN2_RX0_IRQHandler
                0x0800202c                DMA2_Stream3_IRQHandler
                0x0800202c                USART6_IRQHandler
                0x0800202c                USART3_IRQHandler
                0x0800202c                CAN1_RX1_IRQHandler
                0x0800202c                UART5_IRQHandler
                0x0800202c                DMA2_Stream0_IRQHandler
                0x0800202c                TIM4_IRQHandler
                0x0800202c                I2C1_EV_IRQHandler
                0x0800202c                DMA1_Stream6_IRQHandler
                0x0800202c                DMA1_Stream1_IRQHandler
                0x0800202c                UART4_IRQHandler
                0x0800202c                TIM3_IRQHandler
                0x0800202c                RCC_IRQHandler
                0x0800202c                TIM8_BRK_TIM12_IRQHandler
                0x0800202c                Default_Handler
                0x0800202c                EXTI15_10_IRQHandler
                0x0800202c                ADC_IRQHandler
                0x0800202c                DMA1_Stream7_IRQHandler
                0x0800202c                TIM7_IRQHandler
                0x0800202c                CAN2_TX_IRQHandler
                0x0800202c                TIM5_IRQHandler
                0x0800202c                DMA2_Stream7_IRQHandler
                0x0800202c                I2C3_EV_IRQHandler
                0x0800202c                EXTI9_5_IRQHandler
                0x0800202c                RTC_WKUP_IRQHandler
                0x0800202c                ETH_WKUP_IRQHandler
                0x0800202c                SPI2_IRQHandler
                0x0800202c                OTG_HS_EP1_IN_IRQHandler
                0x0800202c                DMA1_Stream0_IRQHandler
                0x0800202c                CAN1_TX_IRQHandler
                0x0800202c                EXTI4_IRQHandler
                0x0800202c                FSMC_IRQHandler
                0x0800202c                ETH_IRQHandler
                0x0800202c                OTG_HS_EP1_OUT_IRQHandler
                0x0800202c                WWDG_IRQHandler
                0x0800202c                TIM2_IRQHandler
                0x0800202c                OTG_FS_WKUP_IRQHandler
                0x0800202c                TIM1_TRG_COM_TIM11_IRQHandler
                0x0800202c                OTG_HS_IRQHandler
                0x0800202c                EXTI1_IRQHandler
                0x0800202c                USART2_IRQHandler
                0x0800202c                I2C2_ER_IRQHandler
                0x0800202c                DMA2_Stream1_IRQHandler
                0x0800202c                CAN1_SCE_IRQHandler
                0x0800202c                FLASH_IRQHandler
                0x0800202c                DMA2_Stream4_IRQHandler
                0x0800202c                USART1_IRQHandler
                0x0800202c                OTG_FS_IRQHandler
                0x0800202c                SPI3_IRQHandler
                0x0800202c                DMA1_Stream4_IRQHandler
                0x0800202c                I2C1_ER_IRQHandler
                0x0800202c                DMA2_Stream6_IRQHandler
                0x0800202c                DMA1_Stream3_IRQHandler
 .text.memset   0x0800202e       0x10 c:/progra~2/gnuarm~1/102021~1.10/bin/../lib/gcc/arm-none-eabi/10.3.1/../../../../arm-none-eabi/lib/thumb/v7e-m+fp/hard\libg_nano.a(lib_a-memset.o)
                0x0800202e                memset
 *(.glue_7)
 .glue_7        0x0800203e        0x0 linker stubs
 *(.glue_7t)
 .glue_7t       0x0800203e        0x0 linker stubs
 *(.eh_frame)
 *(.init)
 *(.fini)
                0x08002040                . = ALIGN (0x4)
 *fill*         0x0800203e        0x2 
                0x08002040                _etext = .

.vfp11_veneer   0x08002040        0x0
 .vfp11_veneer  0x08002040        0x0 linker stubs

.v4_bx          0x08002040        0x0
 .v4_bx         0x08002040        0x0 linker stubs

.iplt           0x08002040        0x0
 .iplt          0x08002040        0x0 project/main/CMakeFiles/stm32_lvgl_learning.dir/Core/Src/main.c.obj

.rodata         0x08002040       0x54
                0x08002040                . = ALIGN (0x4)
 *(.rodata)
 .rodata        0x08002040       0x39 project/main/CMakeFiles/stm32_lvgl_learning.dir/App/Src/app_stage.c.obj
 *(.rodata*)
 *fill*         0x08002079        0x3 
 .rodata.AHBPrescTable
                0x0800207c       0x10 project/main/CMakeFiles/stm32_lvgl_learning.dir/__/__/resources/hal/Src/system_stm32f4xx.c.obj
                0x0800207c                AHBPrescTable
 .rodata.APBPrescTable
                0x0800208c        0x8 project/main/CMakeFiles/stm32_lvgl_learning.dir/__/__/resources/hal/Src/system_stm32f4xx.c.obj
                0x0800208c                APBPrescTable
                0x08002094                . = ALIGN (0x4)

.ARM.extab
 *(.ARM.extab* .gnu.linkonce.armextab.*)

.ARM            0x08002094        0x8
                0x08002094                __exidx_start = .
 *(.ARM.exidx*)
 .ARM.exidx     0x08002094        0x8 c:/progra~2/gnuarm~1/102021~1.10/bin/../lib/gcc/arm-none-eabi/10.3.1/thumb/v7e-m+fp/hard\libgcc.a(_udivmoddi4.o)
                0x0800209c                __exidx_end = .

.rel.dyn        0x0800209c        0x0
 .rel.iplt      0x0800209c        0x0 project/main/CMakeFiles/stm32_lvgl_learning.dir/Core/Src/main.c.obj

.preinit_array  0x0800209c        0x0
                [!provide]                PROVIDE (__preinit_array_start = .)
 *(.preinit_array*)
                [!provide]                PROVIDE (__preinit_array_end = .)

.init_array     0x0800209c        0x0
                [!provide]                PROVIDE (__init_array_start = .)
 *(SORT_BY_NAME(.init_array.*))
 *(.init_array*)
                [!provide]                PROVIDE (__init_array_end = .)

.fini_array     0x0800209c        0x0
                [!provide]                PROVIDE (__fini_array_start = .)
 *(SORT_BY_NAME(.fini_array.*))
 *(.fini_array*)
                [!provide]                PROVIDE (__fini_array_end = .)
                0x0800209c                _sidata = LOADADDR (.data)

.data           0x20000000        0xc load address 0x0800209c
                0x20000000                . = ALIGN (0x4)
                0x20000000                _sdata = .
 *(.data)
 *(.data*)
 .data.uwTickPrio
                0x20000000        0x4 project/main/CMakeFiles/stm32_lvgl_learning.dir/__/__/resources/hal/STM32F4xx_HAL_Driver/Src/stm32f4xx_hal.c.obj
                0x20000000                uwTickPrio
 .data.uwTickFreq
                0x20000004        0x1 project/main/CMakeFiles/stm32_lvgl_learning.dir/__/__/resources/hal/STM32F4xx_HAL_Driver/Src/stm32f4xx_hal.c.obj
                0x20000004                uwTickFreq
 *fill*         0x20000005        0x3 
 .data.SystemCoreClock
                0x20000008        0x4 project/main/CMakeFiles/stm32_lvgl_learning.dir/__/__/resources/hal/Src/system_stm32f4xx.c.obj
                0x20000008                SystemCoreClock
                0x2000000c                . = ALIGN (0x4)
                0x2000000c                _edata = .

.igot.plt       0x2000000c        0x0 load address 0x080020a8
 .igot.plt      0x2000000c        0x0 project/main/CMakeFiles/stm32_lvgl_learning.dir/Core/Src/main.c.obj

.bss            0x2000000c       0x54 load address 0x080020a8
                0x2000000c                . = ALIGN (0x4)
                0x2000000c                _sbss = .
                0x2000000c                __bss_start__ = _sbss
 *(.bss)
 *(.bss*)
 .bss.s_huart1  0x2000000c       0x44 project/main/CMakeFiles/stm32_lvgl_learning.dir/Drivers/Src/board_uart.c.obj
 .bss.s_uart_ready
                0x20000050        0x1 project/main/CMakeFiles/stm32_lvgl_learning.dir/Drivers/Src/board_uart.c.obj
 *fill*         0x20000051        0x3 
 .bss.s_last_tick
                0x20000054        0x4 project/main/CMakeFiles/stm32_lvgl_learning.dir/App/Src/app_stage.c.obj
 .bss.s_stage_banner_sent
                0x20000058        0x1 project/main/CMakeFiles/stm32_lvgl_learning.dir/App/Src/app_stage.c.obj
 *fill*         0x20000059        0x3 
 .bss.uwTick    0x2000005c        0x4 project/main/CMakeFiles/stm32_lvgl_learning.dir/__/__/resources/hal/STM32F4xx_HAL_Driver/Src/stm32f4xx_hal.c.obj
                0x2000005c                uwTick
 *(COMMON)
                0x20000060                . = ALIGN (0x4)
                0x20000060                _ebss = .
                0x20000060                __bss_end__ = _ebss

._user_heap_stack
                0x20000060      0x600 load address 0x080020a8
                0x20000060                . = ALIGN (0x8)
                [!provide]                PROVIDE (end = .)
                [!provide]                PROVIDE (_end = .)
                0x20000260                . = (. + _Min_Heap_Size)
 *fill*         0x20000060      0x200 
                0x20000660                . = (. + _Min_Stack_Size)
 *fill*         0x20000260      0x400 
                0x20000660                . = ALIGN (0x8)

/DISCARD/
 libc.a(*)
 libm.a(*)
 libgcc.a(*)

.ARM.attributes
                0x00000000       0x32
 *(.ARM.attributes)
 .ARM.attributes
                0x00000000       0x34 project/main/CMakeFiles/stm32_lvgl_learning.dir/Core/Src/main.c.obj
 .ARM.attributes
                0x00000034       0x34 project/main/CMakeFiles/stm32_lvgl_learning.dir/Core/Src/stm32f4xx_it.c.obj
 .ARM.attributes
                0x00000068       0x34 project/main/CMakeFiles/stm32_lvgl_learning.dir/Core/Src/stm32f4xx_hal_msp.c.obj
 .ARM.attributes
                0x0000009c       0x34 project/main/CMakeFiles/stm32_lvgl_learning.dir/Drivers/Src/board_uart.c.obj
 .ARM.attributes
                0x000000d0       0x34 project/main/CMakeFiles/stm32_lvgl_learning.dir/App/Src/app_stage.c.obj
 .ARM.attributes
                0x00000104       0x34 project/main/CMakeFiles/stm32_lvgl_learning.dir/__/__/resources/hal/STM32F4xx_HAL_Driver/Src/stm32f4xx_hal.c.obj
 .ARM.attributes
                0x00000138       0x34 project/main/CMakeFiles/stm32_lvgl_learning.dir/__/__/resources/hal/STM32F4xx_HAL_Driver/Src/stm32f4xx_hal_cortex.c.obj
 .ARM.attributes
                0x0000016c       0x34 project/main/CMakeFiles/stm32_lvgl_learning.dir/__/__/resources/hal/STM32F4xx_HAL_Driver/Src/stm32f4xx_hal_gpio.c.obj
 .ARM.attributes
                0x000001a0       0x34 project/main/CMakeFiles/stm32_lvgl_learning.dir/__/__/resources/hal/STM32F4xx_HAL_Driver/Src/stm32f4xx_hal_rcc.c.obj
 .ARM.attributes
                0x000001d4       0x34 project/main/CMakeFiles/stm32_lvgl_learning.dir/__/__/resources/hal/STM32F4xx_HAL_Driver/Src/stm32f4xx_hal_uart.c.obj
 .ARM.attributes
                0x00000208       0x34 project/main/CMakeFiles/stm32_lvgl_learning.dir/__/__/resources/hal/Src/system_stm32f4xx.c.obj
 .ARM.attributes
                0x0000023c       0x25 project/main/CMakeFiles/stm32_lvgl_learning.dir/__/__/resources/hal/startup_stm32f407xx.s.obj
 .ARM.attributes
                0x00000261       0x1e c:/progra~2/gnuarm~1/102021~1.10/bin/../lib/gcc/arm-none-eabi/10.3.1/thumb/v7e-m+fp/hard\libgcc.a(_aeabi_uldivmod.o)
 .ARM.attributes
                0x0000027f       0x34 c:/progra~2/gnuarm~1/102021~1.10/bin/../lib/gcc/arm-none-eabi/10.3.1/thumb/v7e-m+fp/hard\libgcc.a(_udivmoddi4.o)
 .ARM.attributes
                0x000002b3       0x1e c:/progra~2/gnuarm~1/102021~1.10/bin/../lib/gcc/arm-none-eabi/10.3.1/thumb/v7e-m+fp/hard\libgcc.a(_dvmd_tls.o)
 .ARM.attributes
                0x000002d1       0x34 c:/progra~2/gnuarm~1/102021~1.10/bin/../lib/gcc/arm-none-eabi/10.3.1/../../../../arm-none-eabi/lib/thumb/v7e-m+fp/hard\libg_nano.a(lib_a-memset.o)
 .ARM.attributes
                0x00000305       0x17 c:/progra~2/gnuarm~1/102021~1.10/bin/../lib/gcc/arm-none-eabi/10.3.1/../../../../arm-none-eabi/lib/thumb/v7e-m+fp/hard\libg_nano.a(lib_a-strlen.o)
OUTPUT(project\main\stm32_lvgl_learning elf32-littlearm)
LOAD linker stubs
LOAD c:/progra~2/gnuarm~1/102021~1.10/bin/../lib/gcc/arm-none-eabi/10.3.1/../../../../arm-none-eabi/lib/thumb/v7e-m+fp/hard\libc.a
LOAD c:/progra~2/gnuarm~1/102021~1.10/bin/../lib/gcc/arm-none-eabi/10.3.1/../../../../arm-none-eabi/lib/thumb/v7e-m+fp/hard\libm.a
LOAD c:/progra~2/gnuarm~1/102021~1.10/bin/../lib/gcc/arm-none-eabi/10.3.1/thumb/v7e-m+fp/hard\libgcc.a

.debug_info     0x00000000     0x7259
 .debug_info    0x00000000      0x61c project/main/CMakeFiles/stm32_lvgl_learning.dir/Core/Src/main.c.obj
 .debug_info    0x0000061c      0x119 project/main/CMakeFiles/stm32_lvgl_learning.dir/Core/Src/stm32f4xx_it.c.obj
 .debug_info    0x00000735      0x29c project/main/CMakeFiles/stm32_lvgl_learning.dir/Core/Src/stm32f4xx_hal_msp.c.obj
 .debug_info    0x000009d1      0x97d project/main/CMakeFiles/stm32_lvgl_learning.dir/Drivers/Src/board_uart.c.obj
 .debug_info    0x0000134e      0x1b9 project/main/CMakeFiles/stm32_lvgl_learning.dir/App/Src/app_stage.c.obj
 .debug_info    0x00001507      0x91d project/main/CMakeFiles/stm32_lvgl_learning.dir/__/__/resources/hal/STM32F4xx_HAL_Driver/Src/stm32f4xx_hal.c.obj
 .debug_info    0x00001e24      0xdf7 project/main/CMakeFiles/stm32_lvgl_learning.dir/__/__/resources/hal/STM32F4xx_HAL_Driver/Src/stm32f4xx_hal_cortex.c.obj
 .debug_info    0x00002c1b      0x746 project/main/CMakeFiles/stm32_lvgl_learning.dir/__/__/resources/hal/STM32F4xx_HAL_Driver/Src/stm32f4xx_hal_gpio.c.obj
 .debug_info    0x00003361      0x8f1 project/main/CMakeFiles/stm32_lvgl_learning.dir/__/__/resources/hal/STM32F4xx_HAL_Driver/Src/stm32f4xx_hal_rcc.c.obj
 .debug_info    0x00003c52     0x30da project/main/CMakeFiles/stm32_lvgl_learning.dir/__/__/resources/hal/STM32F4xx_HAL_Driver/Src/stm32f4xx_hal_uart.c.obj
 .debug_info    0x00006d2c      0x50b project/main/CMakeFiles/stm32_lvgl_learning.dir/__/__/resources/hal/Src/system_stm32f4xx.c.obj
 .debug_info    0x00007237       0x22 project/main/CMakeFiles/stm32_lvgl_learning.dir/__/__/resources/hal/startup_stm32f407xx.s.obj

.debug_abbrev   0x00000000     0x1267
 .debug_abbrev  0x00000000      0x18c project/main/CMakeFiles/stm32_lvgl_learning.dir/Core/Src/main.c.obj
 .debug_abbrev  0x0000018c       0x61 project/main/CMakeFiles/stm32_lvgl_learning.dir/Core/Src/stm32f4xx_it.c.obj
 .debug_abbrev  0x000001ed       0xd4 project/main/CMakeFiles/stm32_lvgl_learning.dir/Core/Src/stm32f4xx_hal_msp.c.obj
 .debug_abbrev  0x000002c1      0x1b7 project/main/CMakeFiles/stm32_lvgl_learning.dir/Drivers/Src/board_uart.c.obj
 .debug_abbrev  0x00000478      0x105 project/main/CMakeFiles/stm32_lvgl_learning.dir/App/Src/app_stage.c.obj
 .debug_abbrev  0x0000057d      0x1da project/main/CMakeFiles/stm32_lvgl_learning.dir/__/__/resources/hal/STM32F4xx_HAL_Driver/Src/stm32f4xx_hal.c.obj
 .debug_abbrev  0x00000757      0x316 project/main/CMakeFiles/stm32_lvgl_learning.dir/__/__/resources/hal/STM32F4xx_HAL_Driver/Src/stm32f4xx_hal_cortex.c.obj
 .debug_abbrev  0x00000a6d      0x1c4 project/main/CMakeFiles/stm32_lvgl_learning.dir/__/__/resources/hal/STM32F4xx_HAL_Driver/Src/stm32f4xx_hal_gpio.c.obj
 .debug_abbrev  0x00000c31      0x262 project/main/CMakeFiles/stm32_lvgl_learning.dir/__/__/resources/hal/STM32F4xx_HAL_Driver/Src/stm32f4xx_hal_rcc.c.obj
 .debug_abbrev  0x00000e93      0x2ac project/main/CMakeFiles/stm32_lvgl_learning.dir/__/__/resources/hal/STM32F4xx_HAL_Driver/Src/stm32f4xx_hal_uart.c.obj
 .debug_abbrev  0x0000113f      0x116 project/main/CMakeFiles/stm32_lvgl_learning.dir/__/__/resources/hal/Src/system_stm32f4xx.c.obj
 .debug_abbrev  0x00001255       0x12 project/main/CMakeFiles/stm32_lvgl_learning.dir/__/__/resources/hal/startup_stm32f407xx.s.obj

.debug_aranges  0x00000000      0x658
 .debug_aranges
                0x00000000       0x38 project/main/CMakeFiles/stm32_lvgl_learning.dir/Core/Src/main.c.obj
 .debug_aranges
                0x00000038       0x60 project/main/CMakeFiles/stm32_lvgl_learning.dir/Core/Src/stm32f4xx_it.c.obj
 .debug_aranges
                0x00000098       0x20 project/main/CMakeFiles/stm32_lvgl_learning.dir/Core/Src/stm32f4xx_hal_msp.c.obj
 .debug_aranges
                0x000000b8       0x38 project/main/CMakeFiles/stm32_lvgl_learning.dir/Drivers/Src/board_uart.c.obj
 .debug_aranges
                0x000000f0       0x30 project/main/CMakeFiles/stm32_lvgl_learning.dir/App/Src/app_stage.c.obj
 .debug_aranges
                0x00000120       0xf0 project/main/CMakeFiles/stm32_lvgl_learning.dir/__/__/resources/hal/STM32F4xx_HAL_Driver/Src/stm32f4xx_hal.c.obj
 .debug_aranges
                0x00000210      0x118 project/main/CMakeFiles/stm32_lvgl_learning.dir/__/__/resources/hal/STM32F4xx_HAL_Driver/Src/stm32f4xx_hal_cortex.c.obj
 .debug_aranges
                0x00000328       0x58 project/main/CMakeFiles/stm32_lvgl_learning.dir/__/__/resources/hal/STM32F4xx_HAL_Driver/Src/stm32f4xx_hal_gpio.c.obj
 .debug_aranges
                0x00000380       0x88 project/main/CMakeFiles/stm32_lvgl_learning.dir/__/__/resources/hal/STM32F4xx_HAL_Driver/Src/stm32f4xx_hal_rcc.c.obj
 .debug_aranges
                0x00000408      0x200 project/main/CMakeFiles/stm32_lvgl_learning.dir/__/__/resources/hal/STM32F4xx_HAL_Driver/Src/stm32f4xx_hal_uart.c.obj
 .debug_aranges
                0x00000608       0x28 project/main/CMakeFiles/stm32_lvgl_learning.dir/__/__/resources/hal/Src/system_stm32f4xx.c.obj
 .debug_aranges
                0x00000630       0x28 project/main/CMakeFiles/stm32_lvgl_learning.dir/__/__/resources/hal/startup_stm32f407xx.s.obj

.debug_ranges   0x00000000      0x5d0
 .debug_ranges  0x00000000       0x28 project/main/CMakeFiles/stm32_lvgl_learning.dir/Core/Src/main.c.obj
 .debug_ranges  0x00000028       0x50 project/main/CMakeFiles/stm32_lvgl_learning.dir/Core/Src/stm32f4xx_it.c.obj
 .debug_ranges  0x00000078       0x10 project/main/CMakeFiles/stm32_lvgl_learning.dir/Core/Src/stm32f4xx_hal_msp.c.obj
 .debug_ranges  0x00000088       0x28 project/main/CMakeFiles/stm32_lvgl_learning.dir/Drivers/Src/board_uart.c.obj
 .debug_ranges  0x000000b0       0x20 project/main/CMakeFiles/stm32_lvgl_learning.dir/App/Src/app_stage.c.obj
 .debug_ranges  0x000000d0       0xe0 project/main/CMakeFiles/stm32_lvgl_learning.dir/__/__/resources/hal/STM32F4xx_HAL_Driver/Src/stm32f4xx_hal.c.obj
 .debug_ranges  0x000001b0      0x108 project/main/CMakeFiles/stm32_lvgl_learning.dir/__/__/resources/hal/STM32F4xx_HAL_Driver/Src/stm32f4xx_hal_cortex.c.obj
 .debug_ranges  0x000002b8       0x48 project/main/CMakeFiles/stm32_lvgl_learning.dir/__/__/resources/hal/STM32F4xx_HAL_Driver/Src/stm32f4xx_hal_gpio.c.obj
 .debug_ranges  0x00000300       0x78 project/main/CMakeFiles/stm32_lvgl_learning.dir/__/__/resources/hal/STM32F4xx_HAL_Driver/Src/stm32f4xx_hal_rcc.c.obj
 .debug_ranges  0x00000378      0x220 project/main/CMakeFiles/stm32_lvgl_learning.dir/__/__/resources/hal/STM32F4xx_HAL_Driver/Src/stm32f4xx_hal_uart.c.obj
 .debug_ranges  0x00000598       0x18 project/main/CMakeFiles/stm32_lvgl_learning.dir/__/__/resources/hal/Src/system_stm32f4xx.c.obj
 .debug_ranges  0x000005b0       0x20 project/main/CMakeFiles/stm32_lvgl_learning.dir/__/__/resources/hal/startup_stm32f407xx.s.obj

.debug_macro    0x00000000    0x1f6ac
 .debug_macro   0x00000000      0x18c project/main/CMakeFiles/stm32_lvgl_learning.dir/Core/Src/main.c.obj
 .debug_macro   0x0000018c      0xa7e project/main/CMakeFiles/stm32_lvgl_learning.dir/Core/Src/main.c.obj
 .debug_macro   0x00000c0a       0x88 project/main/CMakeFiles/stm32_lvgl_learning.dir/Core/Src/main.c.obj
 .debug_macro   0x00000c92       0x2e project/main/CMakeFiles/stm32_lvgl_learning.dir/Core/Src/main.c.obj
 .debug_macro   0x00000cc0       0x2f project/main/CMakeFiles/stm32_lvgl_learning.dir/Core/Src/main.c.obj
 .debug_macro   0x00000cef      0x34e project/main/CMakeFiles/stm32_lvgl_learning.dir/Core/Src/main.c.obj
 .debug_macro   0x0000103d       0x1c project/main/CMakeFiles/stm32_lvgl_learning.dir/Core/Src/main.c.obj
 .debug_macro   0x00001059       0x22 project/main/CMakeFiles/stm32_lvgl_learning.dir/Core/Src/main.c.obj
 .debug_macro   0x0000107b       0xd9 project/main/CMakeFiles/stm32_lvgl_learning.dir/Core/Src/main.c.obj
 .debug_macro   0x00001154     0x102d project/main/CMakeFiles/stm32_lvgl_learning.dir/Core/Src/main.c.obj
 .debug_macro   0x00002181      0x11f project/main/CMakeFiles/stm32_lvgl_learning.dir/Core/Src/main.c.obj
 .debug_macro   0x000022a0    0x15e58 project/main/CMakeFiles/stm32_lvgl_learning.dir/Core/Src/main.c.obj
 .debug_macro   0x000180f8       0x6d project/main/CMakeFiles/stm32_lvgl_learning.dir/Core/Src/main.c.obj
 .debug_macro   0x00018165     0x3666 project/main/CMakeFiles/stm32_lvgl_learning.dir/Core/Src/main.c.obj
 .debug_macro   0x0001b7cb      0x174 project/main/CMakeFiles/stm32_lvgl_learning.dir/Core/Src/main.c.obj
 .debug_macro   0x0001b93f       0x5c project/main/CMakeFiles/stm32_lvgl_learning.dir/Core/Src/main.c.obj
 .debug_macro   0x0001b99b      0x96b project/main/CMakeFiles/stm32_lvgl_learning.dir/Core/Src/main.c.obj
 .debug_macro   0x0001c306      0x9fe project/main/CMakeFiles/stm32_lvgl_learning.dir/Core/Src/main.c.obj
 .debug_macro   0x0001cd04      0x116 project/main/CMakeFiles/stm32_lvgl_learning.dir/Core/Src/main.c.obj
 .debug_macro   0x0001ce1a      0x13e project/main/CMakeFiles/stm32_lvgl_learning.dir/Core/Src/main.c.obj
 .debug_macro   0x0001cf58       0xa5 project/main/CMakeFiles/stm32_lvgl_learning.dir/Core/Src/main.c.obj
 .debug_macro   0x0001cffd      0x287 project/main/CMakeFiles/stm32_lvgl_learning.dir/Core/Src/main.c.obj
 .debug_macro   0x0001d284       0x5f project/main/CMakeFiles/stm32_lvgl_learning.dir/Core/Src/main.c.obj
 .debug_macro   0x0001d2e3      0x236 project/main/CMakeFiles/stm32_lvgl_learning.dir/Core/Src/main.c.obj
 .debug_macro   0x0001d519      0x12c project/main/CMakeFiles/stm32_lvgl_learning.dir/Core/Src/main.c.obj
 .debug_macro   0x0001d645      0x21e project/main/CMakeFiles/stm32_lvgl_learning.dir/Core/Src/main.c.obj
 .debug_macro   0x0001d863       0x2e project/main/CMakeFiles/stm32_lvgl_learning.dir/Core/Src/main.c.obj
 .debug_macro   0x0001d891      0x11a project/main/CMakeFiles/stm32_lvgl_learning.dir/Core/Src/main.c.obj
 .debug_macro   0x0001d9ab       0x7e project/main/CMakeFiles/stm32_lvgl_learning.dir/Core/Src/main.c.obj
 .debug_macro   0x0001da29       0x89 project/main/CMakeFiles/stm32_lvgl_learning.dir/Core/Src/main.c.obj
 .debug_macro   0x0001dab2      0x295 project/main/CMakeFiles/stm32_lvgl_learning.dir/Core/Src/main.c.obj
 .debug_macro   0x0001dd47      0x12d project/main/CMakeFiles/stm32_lvgl_learning.dir/Core/Src/main.c.obj
 .debug_macro   0x0001de74       0x10 project/main/CMakeFiles/stm32_lvgl_learning.dir/Core/Src/main.c.obj
 .debug_macro   0x0001de84      0x18c project/main/CMakeFiles/stm32_lvgl_learning.dir/Core/Src/stm32f4xx_it.c.obj
 .debug_macro   0x0001e010      0x182 project/main/CMakeFiles/stm32_lvgl_learning.dir/Core/Src/stm32f4xx_hal_msp.c.obj
 .debug_macro   0x0001e192      0x258 project/main/CMakeFiles/stm32_lvgl_learning.dir/Drivers/Src/board_uart.c.obj
 .debug_macro   0x0001e3ea       0x22 project/main/CMakeFiles/stm32_lvgl_learning.dir/Drivers/Src/board_uart.c.obj
 .debug_macro   0x0001e40c       0x5e project/main/CMakeFiles/stm32_lvgl_learning.dir/Drivers/Src/board_uart.c.obj
 .debug_macro   0x0001e46a       0x1e project/main/CMakeFiles/stm32_lvgl_learning.dir/Drivers/Src/board_uart.c.obj
 .debug_macro   0x0001e488       0x94 project/main/CMakeFiles/stm32_lvgl_learning.dir/Drivers/Src/board_uart.c.obj
 .debug_macro   0x0001e51c       0x35 project/main/CMakeFiles/stm32_lvgl_learning.dir/Drivers/Src/board_uart.c.obj
 .debug_macro   0x0001e551       0x34 project/main/CMakeFiles/stm32_lvgl_learning.dir/Drivers/Src/board_uart.c.obj
 .debug_macro   0x0001e585       0x16 project/main/CMakeFiles/stm32_lvgl_learning.dir/Drivers/Src/board_uart.c.obj
 .debug_macro   0x0001e59b       0x43 project/main/CMakeFiles/stm32_lvgl_learning.dir/Drivers/Src/board_uart.c.obj
 .debug_macro   0x0001e5de       0x57 project/main/CMakeFiles/stm32_lvgl_learning.dir/Drivers/Src/board_uart.c.obj
 .debug_macro   0x0001e635       0x34 project/main/CMakeFiles/stm32_lvgl_learning.dir/Drivers/Src/board_uart.c.obj
 .debug_macro   0x0001e669       0x10 project/main/CMakeFiles/stm32_lvgl_learning.dir/Drivers/Src/board_uart.c.obj
 .debug_macro   0x0001e679       0x58 project/main/CMakeFiles/stm32_lvgl_learning.dir/Drivers/Src/board_uart.c.obj
 .debug_macro   0x0001e6d1      0x182 project/main/CMakeFiles/stm32_lvgl_learning.dir/Drivers/Src/board_uart.c.obj
 .debug_macro   0x0001e853      0x341 project/main/CMakeFiles/stm32_lvgl_learning.dir/Drivers/Src/board_uart.c.obj
 .debug_macro   0x0001eb94       0x10 project/main/CMakeFiles/stm32_lvgl_learning.dir/Drivers/Src/board_uart.c.obj
 .debug_macro   0x0001eba4       0x35 project/main/CMakeFiles/stm32_lvgl_learning.dir/Drivers/Src/board_uart.c.obj
 .debug_macro   0x0001ebd9      0x196 project/main/CMakeFiles/stm32_lvgl_learning.dir/App/Src/app_stage.c.obj
 .debug_macro   0x0001ed6f      0x1d3 project/main/CMakeFiles/stm32_lvgl_learning.dir/__/__/resources/hal/STM32F4xx_HAL_Driver/Src/stm32f4xx_hal.c.obj
 .debug_macro   0x0001ef42      0x173 project/main/CMakeFiles/stm32_lvgl_learning.dir/__/__/resources/hal/STM32F4xx_HAL_Driver/Src/stm32f4xx_hal_cortex.c.obj
 .debug_macro   0x0001f0b5      0x179 project/main/CMakeFiles/stm32_lvgl_learning.dir/__/__/resources/hal/STM32F4xx_HAL_Driver/Src/stm32f4xx_hal_gpio.c.obj
 .debug_macro   0x0001f22e      0x197 project/main/CMakeFiles/stm32_lvgl_learning.dir/__/__/resources/hal/STM32F4xx_HAL_Driver/Src/stm32f4xx_hal_rcc.c.obj
 .debug_macro   0x0001f3c5      0x174 project/main/CMakeFiles/stm32_lvgl_learning.dir/__/__/resources/hal/STM32F4xx_HAL_Driver/Src/stm32f4xx_hal_uart.c.obj
 .debug_macro   0x0001f539      0x173 project/main/CMakeFiles/stm32_lvgl_learning.dir/__/__/resources/hal/Src/system_stm32f4xx.c.obj

.debug_line     0x00000000     0x6cf3
 .debug_line    0x00000000      0x55d project/main/CMakeFiles/stm32_lvgl_learning.dir/Core/Src/main.c.obj
 .debug_line    0x0000055d      0x51a project/main/CMakeFiles/stm32_lvgl_learning.dir/Core/Src/stm32f4xx_it.c.obj
 .debug_line    0x00000a77      0x460 project/main/CMakeFiles/stm32_lvgl_learning.dir/Core/Src/stm32f4xx_hal_msp.c.obj
 .debug_line    0x00000ed7      0x6d6 project/main/CMakeFiles/stm32_lvgl_learning.dir/Drivers/Src/board_uart.c.obj
 .debug_line    0x000015ad      0x547 project/main/CMakeFiles/stm32_lvgl_learning.dir/App/Src/app_stage.c.obj
 .debug_line    0x00001af4      0x742 project/main/CMakeFiles/stm32_lvgl_learning.dir/__/__/resources/hal/STM32F4xx_HAL_Driver/Src/stm32f4xx_hal.c.obj
 .debug_line    0x00002236      0x9f1 project/main/CMakeFiles/stm32_lvgl_learning.dir/__/__/resources/hal/STM32F4xx_HAL_Driver/Src/stm32f4xx_hal_cortex.c.obj
 .debug_line    0x00002c27      0x8b8 project/main/CMakeFiles/stm32_lvgl_learning.dir/__/__/resources/hal/STM32F4xx_HAL_Driver/Src/stm32f4xx_hal_gpio.c.obj
 .debug_line    0x000034df      0xabe project/main/CMakeFiles/stm32_lvgl_learning.dir/__/__/resources/hal/STM32F4xx_HAL_Driver/Src/stm32f4xx_hal_rcc.c.obj
 .debug_line    0x00003f9d     0x27c9 project/main/CMakeFiles/stm32_lvgl_learning.dir/__/__/resources/hal/STM32F4xx_HAL_Driver/Src/stm32f4xx_hal_uart.c.obj
 .debug_line    0x00006766      0x4df project/main/CMakeFiles/stm32_lvgl_learning.dir/__/__/resources/hal/Src/system_stm32f4xx.c.obj
 .debug_line    0x00006c45       0xae project/main/CMakeFiles/stm32_lvgl_learning.dir/__/__/resources/hal/startup_stm32f407xx.s.obj

.debug_str      0x00000000    0xbfa9c
 .debug_str     0x00000000    0xbae02 project/main/CMakeFiles/stm32_lvgl_learning.dir/Core/Src/main.c.obj
                              0xbb07c (size before relaxing)
 .debug_str     0x000bae02       0xf2 project/main/CMakeFiles/stm32_lvgl_learning.dir/Core/Src/stm32f4xx_it.c.obj
                              0xbadf0 (size before relaxing)
 .debug_str     0x000baef4       0x61 project/main/CMakeFiles/stm32_lvgl_learning.dir/Core/Src/stm32f4xx_hal_msp.c.obj
                              0xbae6b (size before relaxing)
 .debug_str     0x000baf55     0x3024 project/main/CMakeFiles/stm32_lvgl_learning.dir/Drivers/Src/board_uart.c.obj
                              0xbdee0 (size before relaxing)
 .debug_str     0x000bdf79       0x9c project/main/CMakeFiles/stm32_lvgl_learning.dir/App/Src/app_stage.c.obj
                              0xbae05 (size before relaxing)
 .debug_str     0x000be015      0xb0b project/main/CMakeFiles/stm32_lvgl_learning.dir/__/__/resources/hal/STM32F4xx_HAL_Driver/Src/stm32f4xx_hal.c.obj
                              0xbba17 (size before relaxing)
 .debug_str     0x000beb20      0x41b project/main/CMakeFiles/stm32_lvgl_learning.dir/__/__/resources/hal/STM32F4xx_HAL_Driver/Src/stm32f4xx_hal_cortex.c.obj
                              0xbb785 (size before relaxing)
 .debug_str     0x000bef3b      0x18d project/main/CMakeFiles/stm32_lvgl_learning.dir/__/__/resources/hal/STM32F4xx_HAL_Driver/Src/stm32f4xx_hal_gpio.c.obj
                              0xbb048 (size before relaxing)
 .debug_str     0x000bf0c8      0x2b2 project/main/CMakeFiles/stm32_lvgl_learning.dir/__/__/resources/hal/STM32F4xx_HAL_Driver/Src/stm32f4xx_hal_rcc.c.obj
                              0xbb2cf (size before relaxing)
 .debug_str     0x000bf37a      0x64a project/main/CMakeFiles/stm32_lvgl_learning.dir/__/__/resources/hal/STM32F4xx_HAL_Driver/Src/stm32f4xx_hal_uart.c.obj
                              0xbb81e (size before relaxing)
 .debug_str     0x000bf9c4       0x7b project/main/CMakeFiles/stm32_lvgl_learning.dir/__/__/resources/hal/Src/system_stm32f4xx.c.obj
                              0xbaedb (size before relaxing)
 .debug_str     0x000bfa3f       0x5d project/main/CMakeFiles/stm32_lvgl_learning.dir/__/__/resources/hal/startup_stm32f407xx.s.obj
                                 0x9a (size before relaxing)

.comment        0x00000000       0x49
 .comment       0x00000000       0x49 project/main/CMakeFiles/stm32_lvgl_learning.dir/Core/Src/main.c.obj
                                 0x4a (size before relaxing)
 .comment       0x00000049       0x4a project/main/CMakeFiles/stm32_lvgl_learning.dir/Core/Src/stm32f4xx_it.c.obj
 .comment       0x00000049       0x4a project/main/CMakeFiles/stm32_lvgl_learning.dir/Core/Src/stm32f4xx_hal_msp.c.obj
 .comment       0x00000049       0x4a project/main/CMakeFiles/stm32_lvgl_learning.dir/Drivers/Src/board_uart.c.obj
 .comment       0x00000049       0x4a project/main/CMakeFiles/stm32_lvgl_learning.dir/App/Src/app_stage.c.obj
 .comment       0x00000049       0x4a project/main/CMakeFiles/stm32_lvgl_learning.dir/__/__/resources/hal/STM32F4xx_HAL_Driver/Src/stm32f4xx_hal.c.obj
 .comment       0x00000049       0x4a project/main/CMakeFiles/stm32_lvgl_learning.dir/__/__/resources/hal/STM32F4xx_HAL_Driver/Src/stm32f4xx_hal_cortex.c.obj
 .comment       0x00000049       0x4a project/main/CMakeFiles/stm32_lvgl_learning.dir/__/__/resources/hal/STM32F4xx_HAL_Driver/Src/stm32f4xx_hal_gpio.c.obj
 .comment       0x00000049       0x4a project/main/CMakeFiles/stm32_lvgl_learning.dir/__/__/resources/hal/STM32F4xx_HAL_Driver/Src/stm32f4xx_hal_rcc.c.obj
 .comment       0x00000049       0x4a project/main/CMakeFiles/stm32_lvgl_learning.dir/__/__/resources/hal/STM32F4xx_HAL_Driver/Src/stm32f4xx_hal_uart.c.obj
 .comment       0x00000049       0x4a project/main/CMakeFiles/stm32_lvgl_learning.dir/__/__/resources/hal/Src/system_stm32f4xx.c.obj

.debug_frame    0x00000000     0x1820
 .debug_frame   0x00000000       0x94 project/main/CMakeFiles/stm32_lvgl_learning.dir/Core/Src/main.c.obj
 .debug_frame   0x00000094      0x104 project/main/CMakeFiles/stm32_lvgl_learning.dir/Core/Src/stm32f4xx_it.c.obj
 .debug_frame   0x00000198       0x34 project/main/CMakeFiles/stm32_lvgl_learning.dir/Core/Src/stm32f4xx_hal_msp.c.obj
 .debug_frame   0x000001cc       0x98 project/main/CMakeFiles/stm32_lvgl_learning.dir/Drivers/Src/board_uart.c.obj
 .debug_frame   0x00000264       0x6c project/main/CMakeFiles/stm32_lvgl_learning.dir/App/Src/app_stage.c.obj
 .debug_frame   0x000002d0      0x374 project/main/CMakeFiles/stm32_lvgl_learning.dir/__/__/resources/hal/STM32F4xx_HAL_Driver/Src/stm32f4xx_hal.c.obj
 .debug_frame   0x00000644      0x498 project/main/CMakeFiles/stm32_lvgl_learning.dir/__/__/resources/hal/STM32F4xx_HAL_Driver/Src/stm32f4xx_hal_cortex.c.obj
 .debug_frame   0x00000adc      0x14c project/main/CMakeFiles/stm32_lvgl_learning.dir/__/__/resources/hal/STM32F4xx_HAL_Driver/Src/stm32f4xx_hal_gpio.c.obj
 .debug_frame   0x00000c28      0x1f4 project/main/CMakeFiles/stm32_lvgl_learning.dir/__/__/resources/hal/STM32F4xx_HAL_Driver/Src/stm32f4xx_hal_rcc.c.obj
 .debug_frame   0x00000e1c      0x92c project/main/CMakeFiles/stm32_lvgl_learning.dir/__/__/resources/hal/STM32F4xx_HAL_Driver/Src/stm32f4xx_hal_uart.c.obj
 .debug_frame   0x00001748       0x58 project/main/CMakeFiles/stm32_lvgl_learning.dir/__/__/resources/hal/Src/system_stm32f4xx.c.obj
 .debug_frame   0x000017a0       0x2c c:/progra~2/gnuarm~1/102021~1.10/bin/../lib/gcc/arm-none-eabi/10.3.1/thumb/v7e-m+fp/hard\libgcc.a(_aeabi_uldivmod.o)
 .debug_frame   0x000017cc       0x34 c:/progra~2/gnuarm~1/102021~1.10/bin/../lib/gcc/arm-none-eabi/10.3.1/thumb/v7e-m+fp/hard\libgcc.a(_udivmoddi4.o)
 .debug_frame   0x00001800       0x20 c:/progra~2/gnuarm~1/102021~1.10/bin/../lib/gcc/arm-none-eabi/10.3.1/../../../../arm-none-eabi/lib/thumb/v7e-m+fp/hard\libg_nano.a(lib_a-memset.o)
