Archive member included to satisfy reference by file (symbol)

c:/progra~2/gnuarm~1/102021~1.10/bin/../lib/gcc/arm-none-eabi/10.3.1/thumb/v7e-m+fp/hard\libgcc.a(_aeabi_uldivmod.o)
                              project/main/CMakeFiles/stm32_lvgl_learning.dir/__/__/resources/hal/STM32F4xx_HAL_Driver/Src/stm32f4xx_hal_rcc.c.obj (__aeabi_uldivmod)
c:/progra~2/gnuarm~1/102021~1.10/bin/../lib/gcc/arm-none-eabi/10.3.1/thumb/v7e-m+fp/hard\libgcc.a(_udivmoddi4.o)
                              c:/progra~2/gnuarm~1/102021~1.10/bin/../lib/gcc/arm-none-eabi/10.3.1/thumb/v7e-m+fp/hard\libgcc.a(_aeabi_uldivmod.o) (__udivmoddi4)
c:/progra~2/gnuarm~1/102021~1.10/bin/../lib/gcc/arm-none-eabi/10.3.1/thumb/v7e-m+fp/hard\libgcc.a(_dvmd_tls.o)
                              c:/progra~2/gnuarm~1/102021~1.10/bin/../lib/gcc/arm-none-eabi/10.3.1/thumb/v7e-m+fp/hard\libgcc.a(_aeabi_uldivmod.o) (__aeabi_ldiv0)
c:/progra~2/gnuarm~1/102021~1.10/bin/../lib/gcc/arm-none-eabi/10.3.1/../../../../arm-none-eabi/lib/thumb/v7e-m+fp/hard\libg_nano.a(lib_a-memset.o)
                              project/main/CMakeFiles/stm32_lvgl_learning.dir/Core/Src/main.c.obj (memset)
c:/progra~2/gnuarm~1/102021~1.10/bin/../lib/gcc/arm-none-eabi/10.3.1/../../../../arm-none-eabi/lib/thumb/v7e-m+fp/hard\libg_nano.a(lib_a-strlen.o)
                              project/main/CMakeFiles/stm32_lvgl_learning.dir/Drivers/Src/board_uart.c.obj (strlen)

Discarded input sections

 .group         0x00000000        0xc project/main/CMakeFiles/stm32_lvgl_learning.dir/Core/Src/main.c.obj
 .group         0x00000000        0xc project/main/CMakeFiles/stm32_lvgl_learning.dir/Core/Src/main.c.obj
 .group         0x00000000        0xc project/main/CMakeFiles/stm32_lvgl_learning.dir/Core/Src/main.c.obj
 .group         0x00000000        0xc project/main/CMakeFiles/stm32_lvgl_learning.dir/Core/Src/main.c.obj
 .group         0x00000000        0xc project/main/CMakeFiles/stm32_lvgl_learning.dir/Core/Src/main.c.obj
 .group         0x00000000        0xc project/main/CMakeFiles/stm32_lvgl_learning.dir/Core/Src/main.c.obj
 .group         0x00000000        0xc project/main/CMakeFiles/stm32_lvgl_learning.dir/Core/Src/main.c.obj
 .group         0x00000000        0xc project/main/CMakeFiles/stm32_lvgl_learning.dir/Core/Src/main.c.obj
 .group         0x00000000        0xc project/main/CMakeFiles/stm32_lvgl_learning.dir/Core/Src/main.c.obj
 .group         0x00000000        0xc project/main/CMakeFiles/stm32_lvgl_learning.dir/Core/Src/main.c.obj
 .group         0x00000000        0xc project/main/CMakeFiles/stm32_lvgl_learning.dir/Core/Src/main.c.obj
 .group         0x00000000        0xc project/main/CMakeFiles/stm32_lvgl_learning.dir/Core/Src/main.c.obj
 .group         0x00000000        0xc project/main/CMakeFiles/stm32_lvgl_learning.dir/Core/Src/main.c.obj
 .group         0x00000000        0xc project/main/CMakeFiles/stm32_lvgl_learning.dir/Core/Src/main.c.obj
 .group         0x00000000        0xc project/main/CMakeFiles/stm32_lvgl_learning.dir/Core/Src/main.c.obj
 .group         0x00000000        0xc project/main/CMakeFiles/stm32_lvgl_learning.dir/Core/Src/main.c.obj
 .group         0x00000000        0xc project/main/CMakeFiles/stm32_lvgl_learning.dir/Core/Src/main.c.obj
 .group         0x00000000        0xc project/main/CMakeFiles/stm32_lvgl_learning.dir/Core/Src/main.c.obj
 .group         0x00000000        0xc project/main/CMakeFiles/stm32_lvgl_learning.dir/Core/Src/main.c.obj
 .group         0x00000000        0xc project/main/CMakeFiles/stm32_lvgl_learning.dir/Core/Src/main.c.obj
 .group         0x00000000        0xc project/main/CMakeFiles/stm32_lvgl_learning.dir/Core/Src/main.c.obj
 .group         0x00000000        0xc project/main/CMakeFiles/stm32_lvgl_learning.dir/Core/Src/main.c.obj
 .group         0x00000000        0xc project/main/CMakeFiles/stm32_lvgl_learning.dir/Core/Src/main.c.obj
 .group         0x00000000        0xc project/main/CMakeFiles/stm32_lvgl_learning.dir/Core/Src/main.c.obj
 .group         0x00000000        0xc project/main/CMakeFiles/stm32_lvgl_learning.dir/Core/Src/main.c.obj
 .group         0x00000000        0xc project/main/CMakeFiles/stm32_lvgl_learning.dir/Core/Src/main.c.obj
 .group         0x00000000        0xc project/main/CMakeFiles/stm32_lvgl_learning.dir/Core/Src/main.c.obj
 .group         0x00000000        0xc project/main/CMakeFiles/stm32_lvgl_learning.dir/Core/Src/main.c.obj
 .group         0x00000000        0xc project/main/CMakeFiles/stm32_lvgl_learning.dir/Core/Src/main.c.obj
 .group         0x00000000        0xc project/main/CMakeFiles/stm32_lvgl_learning.dir/Core/Src/main.c.obj
 .group         0x00000000        0xc project/main/CMakeFiles/stm32_lvgl_learning.dir/Core/Src/main.c.obj
 .group         0x00000000        0xc project/main/CMakeFiles/stm32_lvgl_learning.dir/Core/Src/main.c.obj
 .text          0x00000000        0x0 project/main/CMakeFiles/stm32_lvgl_learning.dir/Core/Src/main.c.obj
[...]
Memory Configuration

Name             Origin             Length             Attributes
FLASH            0x08000000         0x00100000         xr
RAM              0x20000000         0x00020000         xrw
*default*        0x00000000         0xffffffff

Linker script and memory map

LOAD project/main/CMakeFiles/stm32_lvgl_learning.dir/Core/Src/main.c.obj
LOAD project/main/CMakeFiles/stm32_lvgl_learning.dir/Core/Src/stm32f4xx_it.c.obj
LOAD project/main/CMakeFiles/stm32_lvgl_learning.dir/Core/Src/stm32f4xx_hal_msp.c.obj
LOAD project/main/CMakeFiles/stm32_lvgl_learning.dir/Drivers/Src/board_uart.c.obj
LOAD project/main/CMakeFiles/stm32_lvgl_learning.dir/App/Src/app_stage.c.obj
LOAD project/main/CMakeFiles/stm32_lvgl_learning.dir/__/__/resources/hal/STM32F4xx_HAL_Driver/Src/stm32f4xx_hal.c.obj
LOAD project/main/CMakeFiles/stm32_lvgl_learning.dir/__/__/resources/hal/STM32F4xx_HAL_Driver/Src/stm32f4xx_hal_cortex.c.obj
LOAD project/main/CMakeFiles/stm32_lvgl_learning.dir/__/__/resources/hal/STM32F4xx_HAL_Driver/Src/stm32f4xx_hal_dma.c.obj
LOAD project/main/CMakeFiles/stm32_lvgl_learning.dir/__/__/resources/hal/STM32F4xx_HAL_Driver/Src/stm32f4xx_hal_dma_ex.c.obj
LOAD project/main/CMakeFiles/stm32_lvgl_learning.dir/__/__/resources/hal/STM32F4xx_HAL_Driver/Src/stm32f4xx_hal_flash.c.obj
LOAD project/main/CMakeFiles/stm32_lvgl_learning.dir/__/__/resources/hal/STM32F4xx_HAL_Driver/Src/stm32f4xx_hal_flash_ex.c.obj
LOAD project/main/CMakeFiles/stm32_lvgl_learning.dir/__/__/resources/hal/STM32F4xx_HAL_Driver/Src/stm32f4xx_hal_flash_ramfunc.c.obj
LOAD project/main/CMakeFiles/stm32_lvgl_learning.dir/__/__/resources/hal/STM32F4xx_HAL_Driver/Src/stm32f4xx_hal_gpio.c.obj
LOAD project/main/CMakeFiles/stm32_lvgl_learning.dir/__/__/resources/hal/STM32F4xx_HAL_Driver/Src/stm32f4xx_hal_pwr.c.obj
LOAD project/main/CMakeFiles/stm32_lvgl_learning.dir/__/__/resources/hal/STM32F4xx_HAL_Driver/Src/stm32f4xx_hal_pwr_ex.c.obj
LOAD project/main/CMakeFiles/stm32_lvgl_learning.dir/__/__/resources/hal/STM32F4xx_HAL_Driver/Src/stm32f4xx_hal_rcc.c.obj
LOAD project/main/CMakeFiles/stm32_lvgl_learning.dir/__/__/resources/hal/STM32F4xx_HAL_Driver/Src/stm32f4xx_hal_rcc_ex.c.obj
LOAD project/main/CMakeFiles/stm32_lvgl_learning.dir/__/__/resources/hal/STM32F4xx_HAL_Driver/Src/stm32f4xx_hal_uart.c.obj
LOAD project/main/CMakeFiles/stm32_lvgl_learning.dir/__/__/resources/hal/Src/system_stm32f4xx.c.obj
LOAD project/main/CMakeFiles/stm32_lvgl_learning.dir/__/__/resources/hal/startup_stm32f407xx.s.obj
START GROUP
LOAD c:/progra~2/gnuarm~1/102021~1.10/bin/../lib/gcc/arm-none-eabi/10.3.1/thumb/v7e-m+fp/hard\libgcc.a
LOAD c:/progra~2/gnuarm~1/102021~1.10/bin/../lib/gcc/arm-none-eabi/10.3.1/../../../../arm-none-eabi/lib/thumb/v7e-m+fp/hard\libg_nano.a
LOAD c:/progra~2/gnuarm~1/102021~1.10/bin/../lib/gcc/arm-none-eabi/10.3.1/../../../../arm-none-eabi/lib/thumb/v7e-m+fp/hard\libc_nano.a
END GROUP
START GROUP
LOAD c:/progra~2/gnuarm~1/102021~1.10/bin/../lib/gcc/arm-none-eabi/10.3.1/thumb/v7e-m+fp/hard\libgcc.a
LOAD c:/progra~2/gnuarm~1/102021~1.10/bin/../lib/gcc/arm-none-eabi/10.3.1/../../../../arm-none-eabi/lib/thumb/v7e-m+fp/hard\libc_nano.a
LOAD c:/progra~2/gnuarm~1/102021~1.10/bin/../lib/gcc/arm-none-eabi/10.3.1/../../../../arm-none-eabi/lib/thumb/v7e-m+fp/hard\libnosys.a
END GROUP
START GROUP
LOAD c:/progra~2/gnuarm~1/102021~1.10/bin/../lib/gcc/arm-none-eabi/10.3.1/thumb/v7e-m+fp/hard\libgcc.a
LOAD c:/progra~2/gnuarm~1/102021~1.10/bin/../lib/gcc/arm-none-eabi/10.3.1/../../../../arm-none-eabi/lib/thumb/v7e-m+fp/hard\libc_nano.a
LOAD c:/progra~2/gnuarm~1/102021~1.10/bin/../lib/gcc/arm-none-eabi/10.3.1/../../../../arm-none-eabi/lib/thumb/v7e-m+fp/hard\libnosys.a
END GROUP
                0x20020000                _estack = (ORIGIN (RAM) + LENGTH (RAM))
                0x00000200                _Min_Heap_Size = 0x200
                0x00000400                _Min_Stack_Size = 0x400

.isr_vector     0x08000000      0x188
                0x08000000                . = ALIGN (0x4)
 *(.isr_vector)
 .isr_vector    0x08000000      0x188 project/main/CMakeFiles/stm32_lvgl_learning.dir/__/__/resources/hal/startup_stm32f407xx.s.obj
                0x08000000                g_pfnVectors
                0x08000188                . = ALIGN (0x4)

.text           0x08000188     0x1564
                0x08000188                . = ALIGN (0x4)
 *(.text)
 .text          0x08000188       0x30 c:/progra~2/gnuarm~1/102021~1.10/bin/../lib/gcc/arm-none-eabi/10.3.1/thumb/v7e-m+fp/hard\libgcc.a(_aeabi_uldivmod.o)
                0x08000188                __aeabi_uldivmod
 .text          0x080001b8      0x2d0 c:/progra~2/gnuarm~1/102021~1.10/bin/../lib/gcc/arm-none-eabi/10.3.1/thumb/v7e-m+fp/hard\libgcc.a(_udivmoddi4.o)
                0x080001b8                __udivmoddi4
 .text          0x08000488        0x4 c:/progra~2/gnuarm~1/102021~1.10/bin/../lib/gcc/arm-none-eabi/10.3.1/thumb/v7e-m+fp/hard\libgcc.a(_dvmd_tls.o)
                0x08000488                __aeabi_idiv0
                0x08000488                __aeabi_ldiv0
 *(.text*)
 .text.main     0x0800048c       0x1a project/main/CMakeFiles/stm32_lvgl_learning.dir/Core/Src/main.c.obj
                0x0800048c                main
 *fill*         0x080004a6        0x2 
 .text.SystemClock_Config
                0x080004a8       0xd4 project/main/CMakeFiles/stm32_lvgl_learning.dir/Core/Src/main.c.obj
 .text.MX_GPIO_Init
                0x0800057c       0x68 project/main/CMakeFiles/stm32_lvgl_learning.dir/Core/Src/main.c.obj
 .text.Error_Handler
                0x080005e4       0x34 project/main/CMakeFiles/stm32_lvgl_learning.dir/Core/Src/main.c.obj
                0x080005e4                Error_Handler
 .text.NMI_Handler
                0x08000618        0x6 project/main/CMakeFiles/stm32_lvgl_learning.dir/Core/Src/stm32f4xx_it.c.obj
                0x08000618                NMI_Handler
 .text.HardFault_Handler
                0x0800061e        0x6 project/main/CMakeFiles/stm32_lvgl_learning.dir/Core/Src/stm32f4xx_it.c.obj
                0x0800061e                HardFault_Handler
 .text.MemManage_Handler
                0x08000624        0x6 project/main/CMakeFiles/stm32_lvgl_learning.dir/Core/Src/stm32f4xx_it.c.obj
                0x08000624                MemManage_Handler
 .text.BusFault_Handler
                0x0800062a        0x6 project/main/CMakeFiles/stm32_lvgl_learning.dir/Core/Src/stm32f4xx_it.c.obj
                0x0800062a                BusFault_Handler
 .text.UsageFault_Handler
                0x08000630        0x6 project/main/CMakeFiles/stm32_lvgl_learning.dir/Core/Src/stm32f4xx_it.c.obj
                0x08000630                UsageFault_Handler
 .text.SVC_Handler
                0x08000636        0xe project/main/CMakeFiles/stm32_lvgl_learning.dir/Core/Src/stm32f4xx_it.c.obj
                0x08000636                SVC_Handler
 .text.DebugMon_Handler
                0x08000644        0xe project/main/CMakeFiles/stm32_lvgl_learning.dir/Core/Src/stm32f4xx_it.c.obj
                0x08000644                DebugMon_Handler
 .text.PendSV_Handler
                0x08000652        0xe project/main/CMakeFiles/stm32_lvgl_learning.dir/Core/Src/stm32f4xx_it.c.obj
                0x08000652                PendSV_Handler
 .text.SysTick_Handler
                0x08000660       0x10 project/main/CMakeFiles/stm32_lvgl_learning.dir/Core/Src/stm32f4xx_it.c.obj
                0x08000660                SysTick_Handler
 .text.HAL_MspInit
                0x08000670       0x50 project/main/CMakeFiles/stm32_lvgl_learning.dir/Core/Src/stm32f4xx_hal_msp.c.obj
                0x08000670                HAL_MspInit
 .text.stage_send_banner
                0x080006c0        0xe project/main/CMakeFiles/stm32_lvgl_learning.dir/App/Src/app_stage.c.obj
 *fill*         0x080006ce        0x2 
 .text.app_stage_init
                0x080006d0       0x24 project/main/CMakeFiles/stm32_lvgl_learning.dir/App/Src/app_stage.c.obj
                0x080006d0                app_stage_init
 .text.app_stage_loop
                0x080006f4       0x3c project/main/CMakeFiles/stm32_lvgl_learning.dir/App/Src/app_stage.c.obj
                0x080006f4                app_stage_loop
 .text.HAL_Init
                0x08000730       0x44 project/main/CMakeFiles/stm32_lvgl_learning.dir/__/__/resources/hal/STM32F4xx_HAL_Driver/Src/stm32f4xx_hal.c.obj
                0x08000730                HAL_Init
 .text.HAL_InitTick
                0x08000774       0x60 project/main/CMakeFiles/stm32_lvgl_learning.dir/__/__/resources/hal/STM32F4xx_HAL_Driver/Src/stm32f4xx_hal.c.obj
                0x08000774                HAL_InitTick
 .text.HAL_IncTick
                0x080007d4       0x28 project/main/CMakeFiles/stm32_lvgl_learning.dir/__/__/resources/hal/STM32F4xx_HAL_Driver/Src/stm32f4xx_hal.c.obj
                0x080007d4                HAL_IncTick
 .text.HAL_GetTick
                0x080007fc       0x18 project/main/CMakeFiles/stm32_lvgl_learning.dir/__/__/resources/hal/STM32F4xx_HAL_Driver/Src/stm32f4xx_hal.c.obj
                0x080007fc                HAL_GetTick
 .text.__NVIC_SetPriorityGrouping
                0x08000814       0x48 project/main/CMakeFiles/stm32_lvgl_learning.dir/__/__/resources/hal/STM32F4xx_HAL_Driver/Src/stm32f4xx_hal_cortex.c.obj
 .text.__NVIC_GetPriorityGrouping
                0x0800085c       0x1c project/main/CMakeFiles/stm32_lvgl_learning.dir/__/__/resources/hal/STM32F4xx_HAL_Driver/Src/stm32f4xx_hal_cortex.c.obj
 .text.__NVIC_SetPriority
                0x08000878       0x54 project/main/CMakeFiles/stm32_lvgl_learning.dir/__/__/resources/hal/STM32F4xx_HAL_Driver/Src/stm32f4xx_hal_cortex.c.obj
 .text.NVIC_EncodePriority
                0x080008cc       0x66 project/main/CMakeFiles/stm32_lvgl_learning.dir/__/__/resources/hal/STM32F4xx_HAL_Driver/Src/stm32f4xx_hal_cortex.c.obj
 *fill*         0x08000932        0x2 
 .text.SysTick_Config
                0x08000934       0x44 project/main/CMakeFiles/stm32_lvgl_learning.dir/__/__/resources/hal/STM32F4xx_HAL_Driver/Src/stm32f4xx_hal_cortex.c.obj
 .text.HAL_NVIC_SetPriorityGrouping
                0x08000978       0x16 project/main/CMakeFiles/stm32_lvgl_learning.dir/__/__/resources/hal/STM32F4xx_HAL_Driver/Src/stm32f4xx_hal_cortex.c.obj
                0x08000978                HAL_NVIC_SetPriorityGrouping
 .text.HAL_NVIC_SetPriority
                0x0800098e       0x38 project/main/CMakeFiles/stm32_lvgl_learning.dir/__/__/resources/hal/STM32F4xx_HAL_Driver/Src/stm32f4xx_hal_cortex.c.obj
                0x0800098e                HAL_NVIC_SetPriority
 .text.HAL_SYSTICK_Config
                0x080009c6       0x18 project/main/CMakeFiles/stm32_lvgl_learning.dir/__/__/resources/hal/STM32F4xx_HAL_Driver/Src/stm32f4xx_hal_cortex.c.obj
                0x080009c6                HAL_SYSTICK_Config
 .text.HAL_SYSTICK_IRQHandler
                0x080009de        0xc project/main/CMakeFiles/stm32_lvgl_learning.dir/__/__/resources/hal/STM32F4xx_HAL_Driver/Src/stm32f4xx_hal_cortex.c.obj
                0x080009de                HAL_SYSTICK_IRQHandler
 .text.HAL_SYSTICK_Callback
                0x080009ea        0xe project/main/CMakeFiles/stm32_lvgl_learning.dir/__/__/resources/hal/STM32F4xx_HAL_Driver/Src/stm32f4xx_hal_cortex.c.obj
                0x080009ea                HAL_SYSTICK_Callback
 .text.HAL_GPIO_Init
                0x080009f8      0x338 project/main/CMakeFiles/stm32_lvgl_learning.dir/__/__/resources/hal/STM32F4xx_HAL_Driver/Src/stm32f4xx_hal_gpio.c.obj
                0x080009f8                HAL_GPIO_Init
 .text.HAL_GPIO_WritePin
                0x08000d30       0x32 project/main/CMakeFiles/stm32_lvgl_learning.dir/__/__/resources/hal/STM32F4xx_HAL_Driver/Src/stm32f4xx_hal_gpio.c.obj
                0x08000d30                HAL_GPIO_WritePin
 .text.HAL_GPIO_TogglePin
                0x08000d62       0x34 project/main/CMakeFiles/stm32_lvgl_learning.dir/__/__/resources/hal/STM32F4xx_HAL_Driver/Src/stm32f4xx_hal_gpio.c.obj
                0x08000d62                HAL_GPIO_TogglePin
 *fill*         0x08000d96        0x2 
 .text.HAL_RCC_OscConfig
                0x08000d98      0x4f8 project/main/CMakeFiles/stm32_lvgl_learning.dir/__/__/resources/hal/STM32F4xx_HAL_Driver/Src/stm32f4xx_hal_rcc.c.obj
                0x08000d98                HAL_RCC_OscConfig
 .text.HAL_RCC_ClockConfig
                0x08001290      0x1cc project/main/CMakeFiles/stm32_lvgl_learning.dir/__/__/resources/hal/STM32F4xx_HAL_Driver/Src/stm32f4xx_hal_rcc.c.obj
                0x08001290                HAL_RCC_ClockConfig
 .text.HAL_RCC_GetSysClockFreq
                0x0800145c      0x20c project/main/CMakeFiles/stm32_lvgl_learning.dir/__/__/resources/hal/STM32F4xx_HAL_Driver/Src/stm32f4xx_hal_rcc.c.obj
                0x0800145c                HAL_RCC_GetSysClockFreq
 .text.SystemInit
                0x08001668       0x24 project/main/CMakeFiles/stm32_lvgl_learning.dir/__/__/resources/hal/Src/system_stm32f4xx.c.obj
                0x08001668                SystemInit
 .text.Reset_Handler
                0x0800168c       0x4c project/main/CMakeFiles/stm32_lvgl_learning.dir/__/__/resources/hal/startup_stm32f407xx.s.obj
                0x0800168c                Reset_Handler
 .text.Default_Handler
                0x080016d8        0x2 project/main/CMakeFiles/stm32_lvgl_learning.dir/__/__/resources/hal/startup_stm32f407xx.s.obj
                0x080016d8                RTC_Alarm_IRQHandler
                0x080016d8                HASH_RNG_IRQHandler
                0x080016d8                EXTI2_IRQHandler
                0x080016d8                TIM8_CC_IRQHandler
                0x080016d8                TIM1_CC_IRQHandler
                0x080016d8                DMA2_Stream5_IRQHandler
                0x080016d8                DMA1_Stream5_IRQHandler
                0x080016d8                PVD_IRQHandler
                0x080016d8                SDIO_IRQHandler
                0x080016d8                TAMP_STAMP_IRQHandler
                0x080016d8                CAN2_RX1_IRQHandler
                0x080016d8                EXTI3_IRQHandler
                0x080016d8                TIM8_TRG_COM_TIM14_IRQHandler
                0x080016d8                TIM1_UP_TIM10_IRQHandler
                0x080016d8                TIM8_UP_TIM13_IRQHandler
                0x080016d8                I2C3_ER_IRQHandler
                0x080016d8                EXTI0_IRQHandler
                0x080016d8                I2C2_EV_IRQHandler
                0x080016d8                DMA1_Stream2_IRQHandler
                0x080016d8                CAN1_RX0_IRQHandler
                0x080016d8                FPU_IRQHandler
                0x080016d8                OTG_HS_WKUP_IRQHandler
                0x080016d8                CAN2_SCE_IRQHandler
                0x080016d8                DMA2_Stream2_IRQHandler
                0x080016d8                SPI1_IRQHandler
                0x080016d8                TIM6_DAC_IRQHandler
                0x080016d8                TIM1_BRK_TIM9_IRQHandler
                0x080016d8                DCMI_IRQHandler
                0x080016d8                CAN2_RX0_IRQHandler
                0x080016d8                DMA2_Stream3_IRQHandler
                0x080016d8                USART6_IRQHandler
                0x080016d8                USART3_IRQHandler
                0x080016d8                CAN1_RX1_IRQHandler
                0x080016d8                UART5_IRQHandler
                0x080016d8                DMA2_Stream0_IRQHandler
                0x080016d8                TIM4_IRQHandler
                0x080016d8                I2C1_EV_IRQHandler
                0x080016d8                DMA1_Stream6_IRQHandler
                0x080016d8                DMA1_Stream1_IRQHandler
                0x080016d8                UART4_IRQHandler
                0x080016d8                TIM3_IRQHandler
                0x080016d8                RCC_IRQHandler
                0x080016d8                TIM8_BRK_TIM12_IRQHandler
                0x080016d8                Default_Handler
                0x080016d8                EXTI15_10_IRQHandler
                0x080016d8                ADC_IRQHandler
                0x080016d8                DMA1_Stream7_IRQHandler
                0x080016d8                TIM7_IRQHandler
                0x080016d8                CAN2_TX_IRQHandler
                0x080016d8                TIM5_IRQHandler
                0x080016d8                DMA2_Stream7_IRQHandler
                0x080016d8                I2C3_EV_IRQHandler
                0x080016d8                EXTI9_5_IRQHandler
                0x080016d8                RTC_WKUP_IRQHandler
                0x080016d8                ETH_WKUP_IRQHandler
                0x080016d8                SPI2_IRQHandler
                0x080016d8                OTG_HS_EP1_IN_IRQHandler
                0x080016d8                DMA1_Stream0_IRQHandler
                0x080016d8                CAN1_TX_IRQHandler
                0x080016d8                EXTI4_IRQHandler
                0x080016d8                FSMC_IRQHandler
                0x080016d8                ETH_IRQHandler
                0x080016d8                OTG_HS_EP1_OUT_IRQHandler
                0x080016d8                WWDG_IRQHandler
                0x080016d8                TIM2_IRQHandler
                0x080016d8                OTG_FS_WKUP_IRQHandler
                0x080016d8                TIM1_TRG_COM_TIM11_IRQHandler
                0x080016d8                OTG_HS_IRQHandler
                0x080016d8                EXTI1_IRQHandler
                0x080016d8                USART2_IRQHandler
                0x080016d8                I2C2_ER_IRQHandler
                0x080016d8                DMA2_Stream1_IRQHandler
                0x080016d8                CAN1_SCE_IRQHandler
                0x080016d8                FLASH_IRQHandler
                0x080016d8                DMA2_Stream4_IRQHandler
                0x080016d8                USART1_IRQHandler
                0x080016d8                OTG_FS_IRQHandler
                0x080016d8                SPI3_IRQHandler
                0x080016d8                DMA1_Stream4_IRQHandler
                0x080016d8                I2C1_ER_IRQHandler
                0x080016d8                DMA2_Stream6_IRQHandler
                0x080016d8                DMA1_Stream3_IRQHandler
 .text.memset   0x080016da       0x10 c:/progra~2/gnuarm~1/102021~1.10/bin/../lib/gcc/arm-none-eabi/10.3.1/../../../../arm-none-eabi/lib/thumb/v7e-m+fp/hard\libg_nano.a(lib_a-memset.o)
                0x080016da                memset
 *(.glue_7)
 .glue_7        0x080016ea        0x0 linker stubs
 *(.glue_7t)
 .glue_7t       0x080016ea        0x0 linker stubs
 *(.eh_frame)
 *(.init)
 *(.fini)
                0x080016ec                . = ALIGN (0x4)
 *fill*         0x080016ea        0x2 
                0x080016ec                _etext = .

.vfp11_veneer   0x080016ec        0x0
 .vfp11_veneer  0x080016ec        0x0 linker stubs

.v4_bx          0x080016ec        0x0
 .v4_bx         0x080016ec        0x0 linker stubs

.iplt           0x080016ec        0x0
 .iplt          0x080016ec        0x0 project/main/CMakeFiles/stm32_lvgl_learning.dir/Core/Src/main.c.obj

.rodata         0x080016ec       0x10
                0x080016ec                . = ALIGN (0x4)
 *(.rodata)
 *(.rodata*)
 .rodata.AHBPrescTable
                0x080016ec       0x10 project/main/CMakeFiles/stm32_lvgl_learning.dir/__/__/resources/hal/Src/system_stm32f4xx.c.obj
                0x080016ec                AHBPrescTable
                0x080016fc                . = ALIGN (0x4)

.ARM.extab
 *(.ARM.extab* .gnu.linkonce.armextab.*)

.ARM            0x080016fc        0x8
                0x080016fc                __exidx_start = .
 *(.ARM.exidx*)
 .ARM.exidx     0x080016fc        0x8 c:/progra~2/gnuarm~1/102021~1.10/bin/../lib/gcc/arm-none-eabi/10.3.1/thumb/v7e-m+fp/hard\libgcc.a(_udivmoddi4.o)
                0x08001704                __exidx_end = .

.rel.dyn        0x08001704        0x0
 .rel.iplt      0x08001704        0x0 project/main/CMakeFiles/stm32_lvgl_learning.dir/Core/Src/main.c.obj

.preinit_array  0x08001704        0x0
                [!provide]                PROVIDE (__preinit_array_start = .)
 *(.preinit_array*)
                [!provide]                PROVIDE (__preinit_array_end = .)

.init_array     0x08001704        0x0
                [!provide]                PROVIDE (__init_array_start = .)
 *(SORT_BY_NAME(.init_array.*))
 *(.init_array*)
                [!provide]                PROVIDE (__init_array_end = .)

.fini_array     0x08001704        0x0
                [!provide]                PROVIDE (__fini_array_start = .)
 *(SORT_BY_NAME(.fini_array.*))
 *(.fini_array*)
                [!provide]                PROVIDE (__fini_array_end = .)
                0x08001704                _sidata = LOADADDR (.data)

.data           0x20000000        0xc load address 0x08001704
                0x20000000                . = ALIGN (0x4)
                0x20000000                _sdata = .
 *(.data)
 *(.data*)
 .data.uwTickPrio
                0x20000000        0x4 project/main/CMakeFiles/stm32_lvgl_learning.dir/__/__/resources/hal/STM32F4xx_HAL_Driver/Src/stm32f4xx_hal.c.obj
                0x20000000                uwTickPrio
 .data.uwTickFreq
                0x20000004        0x1 project/main/CMakeFiles/stm32_lvgl_learning.dir/__/__/resources/hal/STM32F4xx_HAL_Driver/Src/stm32f4xx_hal.c.obj
                0x20000004                uwTickFreq
 *fill*         0x20000005        0x3 
 .data.SystemCoreClock
                0x20000008        0x4 project/main/CMakeFiles/stm32_lvgl_learning.dir/__/__/resources/hal/Src/system_stm32f4xx.c.obj
                0x20000008                SystemCoreClock
                0x2000000c                . = ALIGN (0x4)
                0x2000000c                _edata = .

.igot.plt       0x2000000c        0x0 load address 0x08001710
 .igot.plt      0x2000000c        0x0 project/main/CMakeFiles/stm32_lvgl_learning.dir/Core/Src/main.c.obj

.bss            0x2000000c        0xc load address 0x08001710
                0x2000000c                . = ALIGN (0x4)
                0x2000000c                _sbss = .
                0x2000000c                __bss_start__ = _sbss
 *(.bss)
 *(.bss*)
 .bss.s_last_tick
                0x2000000c        0x4 project/main/CMakeFiles/stm32_lvgl_learning.dir/App/Src/app_stage.c.obj
 .bss.s_stage_banner_sent
                0x20000010        0x1 project/main/CMakeFiles/stm32_lvgl_learning.dir/App/Src/app_stage.c.obj
 *fill*         0x20000011        0x3 
 .bss.uwTick    0x20000014        0x4 project/main/CMakeFiles/stm32_lvgl_learning.dir/__/__/resources/hal/STM32F4xx_HAL_Driver/Src/stm32f4xx_hal.c.obj
                0x20000014                uwTick
 *(COMMON)
                0x20000018                . = ALIGN (0x4)
                0x20000018                _ebss = .
                0x20000018                __bss_end__ = _ebss

._user_heap_stack
                0x20000018      0x600 load address 0x08001710
                0x20000018                . = ALIGN (0x8)
                [!provide]                PROVIDE (end = .)
                [!provide]                PROVIDE (_end = .)
                0x20000218                . = (. + _Min_Heap_Size)
 *fill*         0x20000018      0x200 
                0x20000618                . = (. + _Min_Stack_Size)
 *fill*         0x20000218      0x400 
                0x20000618                . = ALIGN (0x8)

/DISCARD/
 libc.a(*)
 libm.a(*)
 libgcc.a(*)

.ARM.attributes
                0x00000000       0x32
 *(.ARM.attributes)
 .ARM.attributes
                0x00000000       0x34 project/main/CMakeFiles/stm32_lvgl_learning.dir/Core/Src/main.c.obj
 .ARM.attributes
                0x00000034       0x34 project/main/CMakeFiles/stm32_lvgl_learning.dir/Core/Src/stm32f4xx_it.c.obj
 .ARM.attributes
                0x00000068       0x34 project/main/CMakeFiles/stm32_lvgl_learning.dir/Core/Src/stm32f4xx_hal_msp.c.obj
 .ARM.attributes
                0x0000009c       0x34 project/main/CMakeFiles/stm32_lvgl_learning.dir/App/Src/app_stage.c.obj
 .ARM.attributes
                0x000000d0       0x34 project/main/CMakeFiles/stm32_lvgl_learning.dir/__/__/resources/hal/STM32F4xx_HAL_Driver/Src/stm32f4xx_hal.c.obj
 .ARM.attributes
                0x00000104       0x34 project/main/CMakeFiles/stm32_lvgl_learning.dir/__/__/resources/hal/STM32F4xx_HAL_Driver/Src/stm32f4xx_hal_cortex.c.obj
 .ARM.attributes
                0x00000138       0x34 project/main/CMakeFiles/stm32_lvgl_learning.dir/__/__/resources/hal/STM32F4xx_HAL_Driver/Src/stm32f4xx_hal_gpio.c.obj
 .ARM.attributes
                0x0000016c       0x34 project/main/CMakeFiles/stm32_lvgl_learning.dir/__/__/resources/hal/STM32F4xx_HAL_Driver/Src/stm32f4xx_hal_rcc.c.obj
 .ARM.attributes
                0x000001a0       0x34 project/main/CMakeFiles/stm32_lvgl_learning.dir/__/__/resources/hal/Src/system_stm32f4xx.c.obj
 .ARM.attributes
                0x000001d4       0x25 project/main/CMakeFiles/stm32_lvgl_learning.dir/__/__/resources/hal/startup_stm32f407xx.s.obj
 .ARM.attributes
                0x000001f9       0x1e c:/progra~2/gnuarm~1/102021~1.10/bin/../lib/gcc/arm-none-eabi/10.3.1/thumb/v7e-m+fp/hard\libgcc.a(_aeabi_uldivmod.o)
 .ARM.attributes
                0x00000217       0x34 c:/progra~2/gnuarm~1/102021~1.10/bin/../lib/gcc/arm-none-eabi/10.3.1/thumb/v7e-m+fp/hard\libgcc.a(_udivmoddi4.o)
 .ARM.attributes
                0x0000024b       0x1e c:/progra~2/gnuarm~1/102021~1.10/bin/../lib/gcc/arm-none-eabi/10.3.1/thumb/v7e-m+fp/hard\libgcc.a(_dvmd_tls.o)
 .ARM.attributes
                0x00000269       0x34 c:/progra~2/gnuarm~1/102021~1.10/bin/../lib/gcc/arm-none-eabi/10.3.1/../../../../arm-none-eabi/lib/thumb/v7e-m+fp/hard\libg_nano.a(lib_a-memset.o)
OUTPUT(project\main\stm32_lvgl_learning elf32-littlearm)
LOAD linker stubs
LOAD c:/progra~2/gnuarm~1/102021~1.10/bin/../lib/gcc/arm-none-eabi/10.3.1/../../../../arm-none-eabi/lib/thumb/v7e-m+fp/hard\libc.a
LOAD c:/progra~2/gnuarm~1/102021~1.10/bin/../lib/gcc/arm-none-eabi/10.3.1/../../../../arm-none-eabi/lib/thumb/v7e-m+fp/hard\libm.a
LOAD c:/progra~2/gnuarm~1/102021~1.10/bin/../lib/gcc/arm-none-eabi/10.3.1/thumb/v7e-m+fp/hard\libgcc.a

.debug_info     0x00000000     0x3802
 .debug_info    0x00000000      0x61c project/main/CMakeFiles/stm32_lvgl_learning.dir/Core/Src/main.c.obj
 .debug_info    0x0000061c      0x119 project/main/CMakeFiles/stm32_lvgl_learning.dir/Core/Src/stm32f4xx_it.c.obj
 .debug_info    0x00000735      0x29c project/main/CMakeFiles/stm32_lvgl_learning.dir/Core/Src/stm32f4xx_hal_msp.c.obj
 .debug_info    0x000009d1      0x1b9 project/main/CMakeFiles/stm32_lvgl_learning.dir/App/Src/app_stage.c.obj
 .debug_info    0x00000b8a      0x91d project/main/CMakeFiles/stm32_lvgl_learning.dir/__/__/resources/hal/STM32F4xx_HAL_Driver/Src/stm32f4xx_hal.c.obj
 .debug_info    0x000014a7      0xdf7 project/main/CMakeFiles/stm32_lvgl_learning.dir/__/__/resources/hal/STM32F4xx_HAL_Driver/Src/stm32f4xx_hal_cortex.c.obj
 .debug_info    0x0000229e      0x746 project/main/CMakeFiles/stm32_lvgl_learning.dir/__/__/resources/hal/STM32F4xx_HAL_Driver/Src/stm32f4xx_hal_gpio.c.obj
 .debug_info    0x000029e4      0x8f1 project/main/CMakeFiles/stm32_lvgl_learning.dir/__/__/resources/hal/STM32F4xx_HAL_Driver/Src/stm32f4xx_hal_rcc.c.obj
 .debug_info    0x000032d5      0x50b project/main/CMakeFiles/stm32_lvgl_learning.dir/__/__/resources/hal/Src/system_stm32f4xx.c.obj
 .debug_info    0x000037e0       0x22 project/main/CMakeFiles/stm32_lvgl_learning.dir/__/__/resources/hal/startup_stm32f407xx.s.obj

.debug_abbrev   0x00000000      0xe04
 .debug_abbrev  0x00000000      0x18c project/main/CMakeFiles/stm32_lvgl_learning.dir/Core/Src/main.c.obj
 .debug_abbrev  0x0000018c       0x61 project/main/CMakeFiles/stm32_lvgl_learning.dir/Core/Src/stm32f4xx_it.c.obj
 .debug_abbrev  0x000001ed       0xd4 project/main/CMakeFiles/stm32_lvgl_learning.dir/Core/Src/stm32f4xx_hal_msp.c.obj
 .debug_abbrev  0x000002c1      0x105 project/main/CMakeFiles/stm32_lvgl_learning.dir/App/Src/app_stage.c.obj
 .debug_abbrev  0x000003c6      0x1da project/main/CMakeFiles/stm32_lvgl_learning.dir/__/__/resources/hal/STM32F4xx_HAL_Driver/Src/stm32f4xx_hal.c.obj
 .debug_abbrev  0x000005a0      0x316 project/main/CMakeFiles/stm32_lvgl_learning.dir/__/__/resources/hal/STM32F4xx_HAL_Driver/Src/stm32f4xx_hal_cortex.c.obj
 .debug_abbrev  0x000008b6      0x1c4 project/main/CMakeFiles/stm32_lvgl_learning.dir/__/__/resources/hal/STM32F4xx_HAL_Driver/Src/stm32f4xx_hal_gpio.c.obj
 .debug_abbrev  0x00000a7a      0x262 project/main/CMakeFiles/stm32_lvgl_learning.dir/__/__/resources/hal/STM32F4xx_HAL_Driver/Src/stm32f4xx_hal_rcc.c.obj
 .debug_abbrev  0x00000cdc      0x116 project/main/CMakeFiles/stm32_lvgl_learning.dir/__/__/resources/hal/Src/system_stm32f4xx.c.obj
 .debug_abbrev  0x00000df2       0x12 project/main/CMakeFiles/stm32_lvgl_learning.dir/__/__/resources/hal/startup_stm32f407xx.s.obj

.debug_aranges  0x00000000      0x420
 .debug_aranges
                0x00000000       0x38 project/main/CMakeFiles/stm32_lvgl_learning.dir/Core/Src/main.c.obj
 .debug_aranges
                0x00000038       0x60 project/main/CMakeFiles/stm32_lvgl_learning.dir/Core/Src/stm32f4xx_it.c.obj
 .debug_aranges
                0x00000098       0x20 project/main/CMakeFiles/stm32_lvgl_learning.dir/Core/Src/stm32f4xx_hal_msp.c.obj
 .debug_aranges
                0x000000b8       0x30 project/main/CMakeFiles/stm32_lvgl_learning.dir/App/Src/app_stage.c.obj
 .debug_aranges
                0x000000e8       0xf0 project/main/CMakeFiles/stm32_lvgl_learning.dir/__/__/resources/hal/STM32F4xx_HAL_Driver/Src/stm32f4xx_hal.c.obj
 .debug_aranges
                0x000001d8      0x118 project/main/CMakeFiles/stm32_lvgl_learning.dir/__/__/resources/hal/STM32F4xx_HAL_Driver/Src/stm32f4xx_hal_cortex.c.obj
 .debug_aranges
                0x000002f0       0x58 project/main/CMakeFiles/stm32_lvgl_learning.dir/__/__/resources/hal/STM32F4xx_HAL_Driver/Src/stm32f4xx_hal_gpio.c.obj
 .debug_aranges
                0x00000348       0x88 project/main/CMakeFiles/stm32_lvgl_learning.dir/__/__/resources/hal/STM32F4xx_HAL_Driver/Src/stm32f4xx_hal_rcc.c.obj
 .debug_aranges
                0x000003d0       0x28 project/main/CMakeFiles/stm32_lvgl_learning.dir/__/__/resources/hal/Src/system_stm32f4xx.c.obj
 .debug_aranges
                0x000003f8       0x28 project/main/CMakeFiles/stm32_lvgl_learning.dir/__/__/resources/hal/startup_stm32f407xx.s.obj

.debug_ranges   0x00000000      0x388
 .debug_ranges  0x00000000       0x28 project/main/CMakeFiles/stm32_lvgl_learning.dir/Core/Src/main.c.obj
 .debug_ranges  0x00000028       0x50 project/main/CMakeFiles/stm32_lvgl_learning.dir/Core/Src/stm32f4xx_it.c.obj
 .debug_ranges  0x00000078       0x10 project/main/CMakeFiles/stm32_lvgl_learning.dir/Core/Src/stm32f4xx_hal_msp.c.obj
 .debug_ranges  0x00000088       0x20 project/main/CMakeFiles/stm32_lvgl_learning.dir/App/Src/app_stage.c.obj
 .debug_ranges  0x000000a8       0xe0 project/main/CMakeFiles/stm32_lvgl_learning.dir/__/__/resources/hal/STM32F4xx_HAL_Driver/Src/stm32f4xx_hal.c.obj
 .debug_ranges  0x00000188      0x108 project/main/CMakeFiles/stm32_lvgl_learning.dir/__/__/resources/hal/STM32F4xx_HAL_Driver/Src/stm32f4xx_hal_cortex.c.obj
 .debug_ranges  0x00000290       0x48 project/main/CMakeFiles/stm32_lvgl_learning.dir/__/__/resources/hal/STM32F4xx_HAL_Driver/Src/stm32f4xx_hal_gpio.c.obj
 .debug_ranges  0x000002d8       0x78 project/main/CMakeFiles/stm32_lvgl_learning.dir/__/__/resources/hal/STM32F4xx_HAL_Driver/Src/stm32f4xx_hal_rcc.c.obj
 .debug_ranges  0x00000350       0x18 project/main/CMakeFiles/stm32_lvgl_learning.dir/__/__/resources/hal/Src/system_stm32f4xx.c.obj
 .debug_ranges  0x00000368       0x20 project/main/CMakeFiles/stm32_lvgl_learning.dir/__/__/resources/hal/startup_stm32f407xx.s.obj

.debug_macro    0x00000000    0x1eaf1
 .debug_macro   0x00000000      0x18c project/main/CMakeFiles/stm32_lvgl_learning.dir/Core/Src/main.c.obj
 .debug_macro   0x0000018c      0xa7e project/main/CMakeFiles/stm32_lvgl_learning.dir/Core/Src/main.c.obj
 .debug_macro   0x00000c0a       0x88 project/main/CMakeFiles/stm32_lvgl_learning.dir/Core/Src/main.c.obj
 .debug_macro   0x00000c92       0x2e project/main/CMakeFiles/stm32_lvgl_learning.dir/Core/Src/main.c.obj
 .debug_macro   0x00000cc0       0x2f project/main/CMakeFiles/stm32_lvgl_learning.dir/Core/Src/main.c.obj
 .debug_macro   0x00000cef      0x34e project/main/CMakeFiles/stm32_lvgl_learning.dir/Core/Src/main.c.obj
 .debug_macro   0x0000103d       0x1c project/main/CMakeFiles/stm32_lvgl_learning.dir/Core/Src/main.c.obj
 .debug_macro   0x00001059       0x22 project/main/CMakeFiles/stm32_lvgl_learning.dir/Core/Src/main.c.obj
 .debug_macro   0x0000107b       0xd9 project/main/CMakeFiles/stm32_lvgl_learning.dir/Core/Src/main.c.obj
 .debug_macro   0x00001154     0x102d project/main/CMakeFiles/stm32_lvgl_learning.dir/Core/Src/main.c.obj
 .debug_macro   0x00002181      0x11f project/main/CMakeFiles/stm32_lvgl_learning.dir/Core/Src/main.c.obj
 .debug_macro   0x000022a0    0x15e58 project/main/CMakeFiles/stm32_lvgl_learning.dir/Core/Src/main.c.obj
 .debug_macro   0x000180f8       0x6d project/main/CMakeFiles/stm32_lvgl_learning.dir/Core/Src/main.c.obj
 .debug_macro   0x00018165     0x3666 project/main/CMakeFiles/stm32_lvgl_learning.dir/Core/Src/main.c.obj
 .debug_macro   0x0001b7cb      0x174 project/main/CMakeFiles/stm32_lvgl_learning.dir/Core/Src/main.c.obj
 .debug_macro   0x0001b93f       0x5c project/main/CMakeFiles/stm32_lvgl_learning.dir/Core/Src/main.c.obj
 .debug_macro   0x0001b99b      0x96b project/main/CMakeFiles/stm32_lvgl_learning.dir/Core/Src/main.c.obj
 .debug_macro   0x0001c306      0x9fe project/main/CMakeFiles/stm32_lvgl_learning.dir/Core/Src/main.c.obj
 .debug_macro   0x0001cd04      0x116 project/main/CMakeFiles/stm32_lvgl_learning.dir/Core/Src/main.c.obj
 .debug_macro   0x0001ce1a      0x13e project/main/CMakeFiles/stm32_lvgl_learning.dir/Core/Src/main.c.obj
 .debug_macro   0x0001cf58       0xa5 project/main/CMakeFiles/stm32_lvgl_learning.dir/Core/Src/main.c.obj
 .debug_macro   0x0001cffd      0x287 project/main/CMakeFiles/stm32_lvgl_learning.dir/Core/Src/main.c.obj
 .debug_macro   0x0001d284       0x5f project/main/CMakeFiles/stm32_lvgl_learning.dir/Core/Src/main.c.obj
 .debug_macro   0x0001d2e3      0x236 project/main/CMakeFiles/stm32_lvgl_learning.dir/Core/Src/main.c.obj
 .debug_macro   0x0001d519      0x12c project/main/CMakeFiles/stm32_lvgl_learning.dir/Core/Src/main.c.obj
 .debug_macro   0x0001d645      0x21e project/main/CMakeFiles/stm32_lvgl_learning.dir/Core/Src/main.c.obj
 .debug_macro   0x0001d863       0x2e project/main/CMakeFiles/stm32_lvgl_learning.dir/Core/Src/main.c.obj
 .debug_macro   0x0001d891      0x11a project/main/CMakeFiles/stm32_lvgl_learning.dir/Core/Src/main.c.obj
 .debug_macro   0x0001d9ab       0x7e project/main/CMakeFiles/stm32_lvgl_learning.dir/Core/Src/main.c.obj
 .debug_macro   0x0001da29       0x89 project/main/CMakeFiles/stm32_lvgl_learning.dir/Core/Src/main.c.obj
 .debug_macro   0x0001dab2      0x295 project/main/CMakeFiles/stm32_lvgl_learning.dir/Core/Src/main.c.obj
 .debug_macro   0x0001dd47      0x12d project/main/CMakeFiles/stm32_lvgl_learning.dir/Core/Src/main.c.obj
 .debug_macro   0x0001de74       0x10 project/main/CMakeFiles/stm32_lvgl_learning.dir/Core/Src/main.c.obj
 .debug_macro   0x0001de84      0x18c project/main/CMakeFiles/stm32_lvgl_learning.dir/Core/Src/stm32f4xx_it.c.obj
 .debug_macro   0x0001e010      0x182 project/main/CMakeFiles/stm32_lvgl_learning.dir/Core/Src/stm32f4xx_hal_msp.c.obj
 .debug_macro   0x0001e192      0x196 project/main/CMakeFiles/stm32_lvgl_learning.dir/App/Src/app_stage.c.obj
 .debug_macro   0x0001e328      0x1d3 project/main/CMakeFiles/stm32_lvgl_learning.dir/__/__/resources/hal/STM32F4xx_HAL_Driver/Src/stm32f4xx_hal.c.obj
 .debug_macro   0x0001e4fb      0x173 project/main/CMakeFiles/stm32_lvgl_learning.dir/__/__/resources/hal/STM32F4xx_HAL_Driver/Src/stm32f4xx_hal_cortex.c.obj
 .debug_macro   0x0001e66e      0x179 project/main/CMakeFiles/stm32_lvgl_learning.dir/__/__/resources/hal/STM32F4xx_HAL_Driver/Src/stm32f4xx_hal_gpio.c.obj
 .debug_macro   0x0001e7e7      0x197 project/main/CMakeFiles/stm32_lvgl_learning.dir/__/__/resources/hal/STM32F4xx_HAL_Driver/Src/stm32f4xx_hal_rcc.c.obj
 .debug_macro   0x0001e97e      0x173 project/main/CMakeFiles/stm32_lvgl_learning.dir/__/__/resources/hal/Src/system_stm32f4xx.c.obj

.debug_line     0x00000000     0x3e49
 .debug_line    0x00000000      0x55d project/main/CMakeFiles/stm32_lvgl_learning.dir/Core/Src/main.c.obj
 .debug_line    0x0000055d      0x51a project/main/CMakeFiles/stm32_lvgl_learning.dir/Core/Src/stm32f4xx_it.c.obj
 .debug_line    0x00000a77      0x460 project/main/CMakeFiles/stm32_lvgl_learning.dir/Core/Src/stm32f4xx_hal_msp.c.obj
 .debug_line    0x00000ed7      0x53c project/main/CMakeFiles/stm32_lvgl_learning.dir/App/Src/app_stage.c.obj
 .debug_line    0x00001413      0x742 project/main/CMakeFiles/stm32_lvgl_learning.dir/__/__/resources/hal/STM32F4xx_HAL_Driver/Src/stm32f4xx_hal.c.obj
 .debug_line    0x00001b55      0x9f1 project/main/CMakeFiles/stm32_lvgl_learning.dir/__/__/resources/hal/STM32F4xx_HAL_Driver/Src/stm32f4xx_hal_cortex.c.obj
 .debug_line    0x00002546      0x8b8 project/main/CMakeFiles/stm32_lvgl_learning.dir/__/__/resources/hal/STM32F4xx_HAL_Driver/Src/stm32f4xx_hal_gpio.c.obj
 .debug_line    0x00002dfe      0xabe project/main/CMakeFiles/stm32_lvgl_learning.dir/__/__/resources/hal/STM32F4xx_HAL_Driver/Src/stm32f4xx_hal_rcc.c.obj
 .debug_line    0x000038bc      0x4df project/main/CMakeFiles/stm32_lvgl_learning.dir/__/__/resources/hal/Src/system_stm32f4xx.c.obj
 .debug_line    0x00003d9b       0xae project/main/CMakeFiles/stm32_lvgl_learning.dir/__/__/resources/hal/startup_stm32f407xx.s.obj

.debug_str      0x00000000    0xbc46d
 .debug_str     0x00000000    0xbae0e project/main/CMakeFiles/stm32_lvgl_learning.dir/Core/Src/main.c.obj
                              0xbb07c (size before relaxing)
 .debug_str     0x000bae0e       0xf2 project/main/CMakeFiles/stm32_lvgl_learning.dir/Core/Src/stm32f4xx_it.c.obj
                              0xbadf0 (size before relaxing)
 .debug_str     0x000baf00       0x61 project/main/CMakeFiles/stm32_lvgl_learning.dir/Core/Src/stm32f4xx_hal_msp.c.obj
                              0xbae6b (size before relaxing)
 .debug_str     0x000baf61       0xac project/main/CMakeFiles/stm32_lvgl_learning.dir/App/Src/app_stage.c.obj
                              0xbae05 (size before relaxing)
 .debug_str     0x000bb00d      0xb1d project/main/CMakeFiles/stm32_lvgl_learning.dir/__/__/resources/hal/STM32F4xx_HAL_Driver/Src/stm32f4xx_hal.c.obj
                              0xbba17 (size before relaxing)
 .debug_str     0x000bbb2a      0x42c project/main/CMakeFiles/stm32_lvgl_learning.dir/__/__/resources/hal/STM32F4xx_HAL_Driver/Src/stm32f4xx_hal_cortex.c.obj
                              0xbb785 (size before relaxing)
 .debug_str     0x000bbf56      0x18d project/main/CMakeFiles/stm32_lvgl_learning.dir/__/__/resources/hal/STM32F4xx_HAL_Driver/Src/stm32f4xx_hal_gpio.c.obj
                              0xbb048 (size before relaxing)
 .debug_str     0x000bc0e3      0x2b2 project/main/CMakeFiles/stm32_lvgl_learning.dir/__/__/resources/hal/STM32F4xx_HAL_Driver/Src/stm32f4xx_hal_rcc.c.obj
                              0xbb2cf (size before relaxing)
 .debug_str     0x000bc395       0x7b project/main/CMakeFiles/stm32_lvgl_learning.dir/__/__/resources/hal/Src/system_stm32f4xx.c.obj
                              0xbaedb (size before relaxing)
 .debug_str     0x000bc410       0x5d project/main/CMakeFiles/stm32_lvgl_learning.dir/__/__/resources/hal/startup_stm32f407xx.s.obj
                                 0x9a (size before relaxing)

.comment        0x00000000       0x49
 .comment       0x00000000       0x49 project/main/CMakeFiles/stm32_lvgl_learning.dir/Core/Src/main.c.obj
                                 0x4a (size before relaxing)
 .comment       0x00000049       0x4a project/main/CMakeFiles/stm32_lvgl_learning.dir/Core/Src/stm32f4xx_it.c.obj
 .comment       0x00000049       0x4a project/main/CMakeFiles/stm32_lvgl_learning.dir/Core/Src/stm32f4xx_hal_msp.c.obj
 .comment       0x00000049       0x4a project/main/CMakeFiles/stm32_lvgl_learning.dir/App/Src/app_stage.c.obj
 .comment       0x00000049       0x4a project/main/CMakeFiles/stm32_lvgl_learning.dir/__/__/resources/hal/STM32F4xx_HAL_Driver/Src/stm32f4xx_hal.c.obj
 .comment       0x00000049       0x4a project/main/CMakeFiles/stm32_lvgl_learning.dir/__/__/resources/hal/STM32F4xx_HAL_Driver/Src/stm32f4xx_hal_cortex.c.obj
 .comment       0x00000049       0x4a project/main/CMakeFiles/stm32_lvgl_learning.dir/__/__/resources/hal/STM32F4xx_HAL_Driver/Src/stm32f4xx_hal_gpio.c.obj
 .comment       0x00000049       0x4a project/main/CMakeFiles/stm32_lvgl_learning.dir/__/__/resources/hal/STM32F4xx_HAL_Driver/Src/stm32f4xx_hal_rcc.c.obj
 .comment       0x00000049       0x4a project/main/CMakeFiles/stm32_lvgl_learning.dir/__/__/resources/hal/Src/system_stm32f4xx.c.obj

.debug_frame    0x00000000      0xe60
 .debug_frame   0x00000000       0x94 project/main/CMakeFiles/stm32_lvgl_learning.dir/Core/Src/main.c.obj
 .debug_frame   0x00000094      0x104 project/main/CMakeFiles/stm32_lvgl_learning.dir/Core/Src/stm32f4xx_it.c.obj
 .debug_frame   0x00000198       0x34 project/main/CMakeFiles/stm32_lvgl_learning.dir/Core/Src/stm32f4xx_hal_msp.c.obj
 .debug_frame   0x000001cc       0x70 project/main/CMakeFiles/stm32_lvgl_learning.dir/App/Src/app_stage.c.obj
 .debug_frame   0x0000023c      0x374 project/main/CMakeFiles/stm32_lvgl_learning.dir/__/__/resources/hal/STM32F4xx_HAL_Driver/Src/stm32f4xx_hal.c.obj
 .debug_frame   0x000005b0      0x498 project/main/CMakeFiles/stm32_lvgl_learning.dir/__/__/resources/hal/STM32F4xx_HAL_Driver/Src/stm32f4xx_hal_cortex.c.obj
 .debug_frame   0x00000a48      0x14c project/main/CMakeFiles/stm32_lvgl_learning.dir/__/__/resources/hal/STM32F4xx_HAL_Driver/Src/stm32f4xx_hal_gpio.c.obj
 .debug_frame   0x00000b94      0x1f4 project/main/CMakeFiles/stm32_lvgl_learning.dir/__/__/resources/hal/STM32F4xx_HAL_Driver/Src/stm32f4xx_hal_rcc.c.obj
 .debug_frame   0x00000d88       0x58 project/main/CMakeFiles/stm32_lvgl_learning.dir/__/__/resources/hal/Src/system_stm32f4xx.c.obj
 .debug_frame   0x00000de0       0x2c c:/progra~2/gnuarm~1/102021~1.10/bin/../lib/gcc/arm-none-eabi/10.3.1/thumb/v7e-m+fp/hard\libgcc.a(_aeabi_uldivmod.o)
 .debug_frame   0x00000e0c       0x34 c:/progra~2/gnuarm~1/102021~1.10/bin/../lib/gcc/arm-none-eabi/10.3.1/thumb/v7e-m+fp/hard\libgcc.a(_udivmoddi4.o)
 .debug_frame   0x00000e40       0x20 c:/progra~2/gnuarm~1/102021~1.10/bin/../lib/gcc/arm-none-eabi/10.3.1/../../../../arm-none-eabi/lib/thumb/v7e-m+fp/hard\libg_nano.a(lib_a-memset.o)
